 Asteroids

 Timestamp is 67051d90 (Tue Oct  8 07:54:56 2024)

 Preferred load address is 0000000140000000

 Start         Length     Name                   Class
 0001:00000000 00040fa0H .text$mn                CODE
 0001:00040fa0 00000040H .text$mn$00             CODE
 0001:00040fe0 0000063dH .text$x                 CODE
 0002:00000000 00000308H .idata$5                DATA
 0002:00000308 00000028H .00cfg                  DATA
 0002:00000330 00000008H .CRT$XCA                DATA
 0002:00000338 00000008H .CRT$XCAA               DATA
 0002:00000340 00000008H .CRT$XCZ                DATA
 0002:00000348 00000008H .CRT$XIA                DATA
 0002:00000350 00000008H .CRT$XIAA               DATA
 0002:00000358 00000008H .CRT$XIAC               DATA
 0002:00000360 00000020H .CRT$XIC                DATA
 0002:00000380 00000008H .CRT$XIZ                DATA
 0002:00000388 00000008H .CRT$XPA                DATA
 0002:00000390 00000010H .CRT$XPX                DATA
 0002:000003a0 00000008H .CRT$XPXA               DATA
 0002:000003a8 00000008H .CRT$XPZ                DATA
 0002:000003b0 00000008H .CRT$XTA                DATA
 0002:000003b8 00000008H .CRT$XTZ                DATA
 0002:000003c0 00000000H .gehcont$y              DATA
 0002:000003c0 00000000H .gfids$y                DATA
 0002:000003c0 00011940H .rdata                  DATA
 0002:00011d00 00000000H .rdata$CastGuardVftablesA DATA
 0002:00011d00 00000000H .rdata$CastGuardVftablesC DATA
 0002:00011d00 00000274H .rdata$r                DATA
 0002:00011f74 00000048H .rdata$voltmd           DATA
 0002:00011fbc 00000344H .rdata$zzzdbg           DATA
 0002:00012300 00000008H .rtc$IAA                DATA
 0002:00012308 00000008H .rtc$IZZ                DATA
 0002:00012310 00000008H .rtc$TAA                DATA
 0002:00012318 00000008H .rtc$TZZ                DATA
 0002:00012320 00001348H .xdata                  DATA
 0002:00013668 0000014cH .xdata$x                DATA
 0002:000137b4 00000000H .edata                  DATA
 0002:000137b4 00000050H .idata$2                DATA
 0002:00013804 00000014H .idata$3                DATA
 0002:00013818 00000308H .idata$4                DATA
 0002:00013b20 000006bcH .idata$6                DATA
 0003:00000000 00000a60H .data                   DATA
 0003:00000a60 000000a8H .data$r                 DATA
 0003:00000b08 00000028H .data$rs                DATA
 0003:00000b30 000018a0H .bss                    DATA
 0004:00000000 00003234H .pdata                  DATA
 0005:00000000 000000f4H _RDATA                  DATA

  Address         Publics by Value              Rva+Base               Lib:Object

 0000:00000000       __x64_code_ranges_to_entry_points_count 0000000000000000     <absolute>
 0000:00000000       ___safe_se_handler_table   0000000000000000     <absolute>
 0000:00000000       __guard_iat_table          0000000000000000     <absolute>
 0000:00000000       __guard_iat_count          0000000000000000     <absolute>
 0000:00000000       __guard_longjmp_count      0000000000000000     <absolute>
 0000:00000000       __dynamic_value_reloc_table 0000000000000000     <absolute>
 0000:00000000       __guard_longjmp_table      0000000000000000     <absolute>
 0000:00000000       __x64_code_ranges_to_entry_points 0000000000000000     <absolute>
 0000:00000000       __hybrid_auxiliary_iat     0000000000000000     <absolute>
 0000:00000000       __hybrid_auxiliary_iat_copy 0000000000000000     <absolute>
 0000:00000000       __arm64x_redirection_metadata 0000000000000000     <absolute>
 0000:00000000       __guard_fids_count         0000000000000000     <absolute>
 0000:00000000       __arm64x_extra_rfe_table   0000000000000000     <absolute>
 0000:00000000       __AbsoluteZero             0000000000000000     <absolute>
 0000:00000000       __hybrid_code_map          0000000000000000     <absolute>
 0000:00000000       __guard_check_icall_a64n_fptr 0000000000000000     <absolute>
 0000:00000000       __arm64x_extra_rfe_table_size 0000000000000000     <absolute>
 0000:00000000       ___safe_se_handler_count   0000000000000000     <absolute>
 0000:00000000       __guard_fids_table         0000000000000000     <absolute>
 0000:00000000       __arm64x_redirection_metadata_count 0000000000000000     <absolute>
 0000:00000000       __guard_eh_cont_count      0000000000000000     <absolute>
 0000:00000000       __enclave_config           0000000000000000     <absolute>
 0000:00000000       __guard_eh_cont_table      0000000000000000     <absolute>
 0000:00000000       __arm64x_native_entrypoint 0000000000000000     <absolute>
 0000:00000000       __hybrid_code_map_count    0000000000000000     <absolute>
 0000:00000100       __guard_flags              0000000000000100     <absolute>
 0000:00000000       __ImageBase                0000000140000000     <linker-defined>
 0001:00000000       WinMain                    0000000140001000 f   Win32_Shah.obj
 0001:00000840       ?Min@@YAMMMM@Z             0000000140001840 f   Win32_Shah.obj
 0001:000008c0       ?Max@@YAMMMM@Z             00000001400018c0 f   Win32_Shah.obj
 0001:00000940       ?CalcCentroid@@YA?AUVector2f@@U1@00@Z 0000000140001940 f   Win32_Shah.obj
 0001:000009c0       ?CalcSizeRelativeToCentroid@@YA?AUVector2f@@U1@0@Z 00000001400019c0 f   Win32_Shah.obj
 0001:00000a20       ?degreesToRadians@@YAMM@Z  0000000140001a20 f   Win32_Shah.obj
 0001:00000a40       ?radians_to_degrees@@YAMM@Z 0000000140001a40 f   Win32_Shah.obj
 0001:00000a60       ?Createrotationmatrix@@YAXMPEAM@Z 0000000140001a60 f   Win32_Shah.obj
 0001:00000b00       ?matrixmul@@YAXPEAMHH0HH0@Z 0000000140001b00 f   Win32_Shah.obj
 0001:00000c10       ?PlotPixel@@YAXPEAUVideoBuffer@@HHI@Z 0000000140001c10 f   Win32_Shah.obj
 0001:00000cc0       ?GetLogicalWidthAndHeight@@YA?AUVector2f@@PEAUVideoBuffer@@@Z 0000000140001cc0 f   Win32_Shah.obj
 0001:00000d90       ?MapToPixel@@YAXPEAUVideoBuffer@@MMPEAH1@Z 0000000140001d90 f   Win32_Shah.obj
 0001:00000ee0       ?MapDistanceToPixel@@YA?AUVector2f@@PEAUVideoBuffer@@M@Z 0000000140001ee0 f   Win32_Shah.obj
 0001:00000fb0       ?Drawcircle@@YAXPEAUVideoBuffer@@UCircle@@@Z 0000000140001fb0 f   Win32_Shah.obj
 0001:00001150       ?BresenhamLine@@YAXPEAUVideoBuffer@@MMMM@Z 0000000140002150 f   Win32_Shah.obj
 0001:00001310       ?clamp@@YAHHHH@Z           0000000140002310 f   Win32_Shah.obj
 0001:00001350       ?RenderRectInPixels@@YAXIPEAUVideoBuffer@@HHHH@Z 0000000140002350 f   Win32_Shah.obj
 0001:000014a0       ?DrawBox@@YAXPEAUVideoBuffer@@MMMMI@Z 00000001400024a0 f   Win32_Shah.obj
 0001:00001570       ?drawline@@YAXPEAUVideoBuffer@@MMMMI@Z 0000000140002570 f   Win32_Shah.obj
 0001:00001910       ?WarpPoints@@YAXPEAUVideoBuffer@@PEAUVector2f@@@Z 0000000140002910 f   Win32_Shah.obj
 0001:00001a80       ?DrawTriangle@@YAXPEAUVideoBuffer@@PEAUPlayerSpaceShip@@@Z 0000000140002a80 f   Win32_Shah.obj
 0001:00001b40       ?CreateShipCollider@@YAXUPlayerSpaceShip@@PEAUBox@@@Z 0000000140002b40 f   Win32_Shah.obj
 0001:00001c10       ?CreateAsteroidCollider@@YAXPEAUVideoBuffer@@UCircle@@PEAUBox@@@Z 0000000140002c10 f   Win32_Shah.obj
 0001:00001e20       ?CheckAABBCollisions@@YAHPEAUVideoBuffer@@UBox@@1@Z 0000000140002e20 f   Win32_Shah.obj
 0001:00001ee0       ?WarpCircle@@YAXUVector2f@@PEAUCircle@@@Z 0000000140002ee0 f   Win32_Shah.obj
 0001:00001f60       ?GameUpdateAndRender@@YAXPEAUGame_Input@@PEAUVideoBuffer@@PEAUGame_State@@@Z 0000000140002f60 f   Win32_Shah.obj
 0001:00003510       ?Win32ResizeDibSection@@YAXPEAUWin32_VideoBuffer@@HH@Z 0000000140004510 f   Win32_Shah.obj
 0001:000036a0       ?MainWindowCallBack@@YA_JPEAUHWND__@@I_K_J@Z 00000001400046a0 f   Win32_Shah.obj
 0001:00003770       ?RenderColor@@YAXIPEAUWin32_VideoBuffer@@@Z 0000000140004770 f   Win32_Shah.obj
 0001:00003820       ?atan2@@YAMMM@Z            0000000140004820 f i Win32_Shah.obj
 0001:00003850       ?cos@@YAMM@Z               0000000140004850 f i Win32_Shah.obj
 0001:00003870       ?sin@@YAMM@Z               0000000140004870 f i Win32_Shah.obj
 0001:00003890       ?sqrt@@YAMM@Z              0000000140004890 f i Win32_Shah.obj
 0001:000038b0       ??2@YAPEAX_K@Z             00000001400048b0 f   LIBCMTD:new_scalar.obj
 0001:00003900       __GSHandlerCheck           0000000140004900 f   LIBCMTD:gshandler.obj
 0001:00003940       __GSHandlerCheckCommon     0000000140004940 f   LIBCMTD:gshandler.obj
 0001:00003a50       __security_check_cookie    0000000140004a50 f   LIBCMTD:amdsecgs.obj
 0001:00003d20       ?configure_argv@__scrt_narrow_argv_policy@@SAHXZ 0000000140004d20 f i LIBCMTD:exe_winmain.obj
 0001:00003d40       ?initialize_environment@__scrt_narrow_environment_policy@@SAHXZ 0000000140004d40 f i LIBCMTD:exe_winmain.obj
 0001:00003d90       ?set_app_type@__scrt_winmain_policy@@SAXXZ 0000000140004d90 f i LIBCMTD:exe_winmain.obj
 0001:00003db0       ?set_commode@__scrt_file_policy@@SAXXZ 0000000140004db0 f i LIBCMTD:exe_winmain.obj
 0001:00003dd0       ?set_fmode@__scrt_file_policy@@SAXXZ 0000000140004dd0 f i LIBCMTD:exe_winmain.obj
 0001:00003df0       WinMainCRTStartup          0000000140004df0 f   LIBCMTD:exe_winmain.obj
 0001:00003e10       ??0bad_alloc@std@@AEAA@QEBD@Z 0000000140004e10 f i LIBCMTD:throw_bad_alloc.obj
 0001:00003e50       ??0bad_alloc@std@@QEAA@AEBV01@@Z 0000000140004e50 f i LIBCMTD:throw_bad_alloc.obj
 0001:00003e90       ??0bad_alloc@std@@QEAA@XZ  0000000140004e90 f i LIBCMTD:throw_bad_alloc.obj
 0001:00003ed0       ??0bad_array_new_length@std@@QEAA@AEBV01@@Z 0000000140004ed0 f i LIBCMTD:throw_bad_alloc.obj
 0001:00003f10       ??0bad_array_new_length@std@@QEAA@XZ 0000000140004f10 f i LIBCMTD:throw_bad_alloc.obj
 0001:00003f50       ??0exception@std@@QEAA@AEBV01@@Z 0000000140004f50 f i LIBCMTD:throw_bad_alloc.obj
 0001:00003fb0       ??0exception@std@@QEAA@QEBDH@Z 0000000140004fb0 f i LIBCMTD:throw_bad_alloc.obj
 0001:00004000       ??1bad_exception@std@@UEAA@XZ 0000000140005000 f i libvcruntimed:frame.obj
 0001:00004000       ??1bad_alloc@std@@UEAA@XZ  0000000140005000 f i LIBCMTD:throw_bad_alloc.obj
 0001:00004020       ??1bad_array_new_length@std@@UEAA@XZ 0000000140005020 f i LIBCMTD:throw_bad_alloc.obj
 0001:00004040       ??1exception@std@@UEAA@XZ  0000000140005040 f i LIBCMTD:throw_bad_alloc.obj
 0001:00004070       ??_Ebad_alloc@std@@UEAAPEAXI@Z 0000000140005070 f i LIBCMTD:throw_bad_alloc.obj
 0001:00004070       ??_Gbad_alloc@std@@UEAAPEAXI@Z 0000000140005070 f i LIBCMTD:throw_bad_alloc.obj
 0001:00004070       ??_Gbad_exception@std@@UEAAPEAXI@Z 0000000140005070 f i libvcruntimed:frame.obj
 0001:00004070       ??_Ebad_exception@std@@UEAAPEAXI@Z 0000000140005070 f i libvcruntimed:frame.obj
 0001:000040b0       ??_Ebad_array_new_length@std@@UEAAPEAXI@Z 00000001400050b0 f i LIBCMTD:throw_bad_alloc.obj
 0001:000040b0       ??_Gbad_array_new_length@std@@UEAAPEAXI@Z 00000001400050b0 f i LIBCMTD:throw_bad_alloc.obj
 0001:000040f0       ??_Gexception@std@@UEAAPEAXI@Z 00000001400050f0 f i LIBCMTD:throw_bad_alloc.obj
 0001:000040f0       ??_Eexception@std@@UEAAPEAXI@Z 00000001400050f0 f i LIBCMTD:throw_bad_alloc.obj
 0001:00004130       ?__scrt_throw_std_bad_alloc@@YAXXZ 0000000140005130 f   LIBCMTD:throw_bad_alloc.obj
 0001:00004160       ?__scrt_throw_std_bad_array_new_length@@YAXXZ 0000000140005160 f   LIBCMTD:throw_bad_alloc.obj
 0001:00004190       ?what@exception@std@@UEBAPEBDXZ 0000000140005190 f i LIBCMTD:throw_bad_alloc.obj
 0001:000041d0       __raise_securityfailure    00000001400051d0 f   LIBCMTD:gs_report.obj
 0001:00004210       __report_gsfailure         0000000140005210 f   LIBCMTD:gs_report.obj
 0001:000042f0       __report_rangecheckfailure 00000001400052f0 f   LIBCMTD:gs_report.obj
 0001:00004310       __report_securityfailure   0000000140005310 f   LIBCMTD:gs_report.obj
 0001:00004670       NtCurrentTeb               0000000140005670 f i LIBCMTD:utility.obj
 0001:00004680       __scrt_acquire_startup_lock 0000000140005680 f   LIBCMTD:utility.obj
 0001:000046f0       __scrt_initialize_crt      00000001400056f0 f   LIBCMTD:utility.obj
 0001:00004740       __scrt_initialize_onexit_tables 0000000140005740 f   LIBCMTD:utility.obj
 0001:00004850       __scrt_is_nonwritable_in_current_image 0000000140005850 f   LIBCMTD:utility.obj
 0001:000048e0       __scrt_release_startup_lock 00000001400058e0 f   LIBCMTD:utility.obj
 0001:00004910       __scrt_uninitialize_crt    0000000140005910 f   LIBCMTD:utility.obj
 0001:00004950       _onexit                    0000000140005950 f   LIBCMTD:utility.obj
 0001:000049d0       atexit                     00000001400059d0 f   LIBCMTD:utility.obj
 0001:00004ad0       __security_init_cookie     0000000140005ad0 f   LIBCMTD:gs_support.obj
 0001:00004b50       _matherr                   0000000140005b50 f   LIBCMTD:matherr.obj
 0001:00004b50       ?get_current_state_index@__crt_state_management@@YA_KAEBV__crt_scoped_get_last_error_reset@@@Z 0000000140005b50 f   libucrtd:invalid_parameter.obj
 0001:00004b60       _get_startup_argv_mode     0000000140005b60 f   LIBCMTD:argv_mode.obj
 0001:00004b70       _get_startup_commit_mode   0000000140005b70 f   LIBCMTD:commit_mode.obj
 0001:00004b70       _get_startup_new_mode      0000000140005b70 f   LIBCMTD:new_mode.obj
 0001:00004b70       __scrt_initialize_winrt    0000000140005b70 f   LIBCMTD:utility_desktop.obj
 0001:00004b70       ?get_current_state_index@__crt_state_management@@YA_KXZ 0000000140005b70 f   libucrtd:new_handler.obj
 0001:00004b70       __scrt_stub_for_initialize_mta 0000000140005b70 f   LIBCMTD:utility_desktop.obj
 0001:00004b70       __scrt_exe_initialize_mta  0000000140005b70 f   LIBCMTD:utility_desktop.obj
 0001:00004b70       _get_startup_thread_locale_mode 0000000140005b70 f   LIBCMTD:thread_locale.obj
 0001:00004b70       ?get_invalid_value@__crt_hmodule_traits@@SAPEAUHINSTANCE__@@XZ 0000000140005b70 f   libucrtd:exit.obj
 0001:00004b80       _get_startup_file_mode     0000000140005b80 f   LIBCMTD:file_mode.obj
 0001:00004b90       ?__scrt_initialize_type_info@@YAXXZ 0000000140005b90 f   LIBCMTD:tncleanup.obj
 0001:00004bb0       _should_initialize_environment 0000000140005bb0 f   LIBCMTD:env_mode.obj
 0001:00004bc0       _initialize_invalid_parameter_handler 0000000140005bc0 f   LIBCMTD:invalid_parameter_handler.obj
 0001:00004bc0       _initialize_denormal_control 0000000140005bc0 f   LIBCMTD:denormal_control.obj
 0001:00004bd0       __local_stdio_printf_options 0000000140005bd0 f i LIBCMTD:default_local_stdio_options.obj
 0001:00004be0       __local_stdio_scanf_options 0000000140005be0 f i LIBCMTD:default_local_stdio_options.obj
 0001:00004bf0       __scrt_initialize_default_local_stdio_options 0000000140005bf0 f   LIBCMTD:default_local_stdio_options.obj
 0001:00004c40       __scrt_is_user_matherr_present 0000000140005c40 f   LIBCMTD:matherr_detection.obj
 0001:00004c70       __scrt_get_dyn_tls_init_callback 0000000140005c70 f   LIBCMTD:dyn_tls_init.obj
 0001:00004c80       __scrt_get_dyn_tls_dtor_callback 0000000140005c80 f   LIBCMTD:dyn_tls_dtor.obj
 0001:00004c90       __crt_debugger_hook        0000000140005c90 f   LIBCMTD:utility_desktop.obj
 0001:00004ca0       __scrt_fastfail            0000000140005ca0 f   LIBCMTD:utility_desktop.obj
 0001:00004e40       __scrt_get_show_window_mode 0000000140005e40 f   LIBCMTD:utility_desktop.obj
 0001:00004ea0       __scrt_initialize_mta      0000000140005ea0 f   LIBCMTD:utility_desktop.obj
 0001:00004eb0       __scrt_is_managed_app      0000000140005eb0 f   LIBCMTD:utility_desktop.obj
 0001:00004f60       __scrt_set_unhandled_exception_filter 0000000140005f60 f   LIBCMTD:utility_desktop.obj
 0001:00004f80       __scrt_unhandled_exception_filter 0000000140005f80 f   LIBCMTD:utility_desktop.obj
 0001:00005020       _RTC_Initialize            0000000140006020 f   LIBCMTD:initsect.obj
 0001:00005070       _RTC_Terminate             0000000140006070 f   LIBCMTD:initsect.obj
 0001:000050c0       ??1?$__crt_simd_cleanup_guard@$0A@@@QEAA@XZ 00000001400060c0 f i libucrtd:strnlen.obj
 0001:000050c0       ??1scoped_global_state_reset@__crt_state_management@@QEAA@XZ 00000001400060c0 f i libucrtd:onexit.obj
 0001:000050c0       _guard_check_icall_nop     00000001400060c0 f i LIBCMTD:guard_support.obj
 0001:000050d0       ReadNoFence64              00000001400060d0 f i LIBCMTD:guard_support.obj
 0001:000050f0       ReadPointerNoFence         00000001400060f0 f i LIBCMTD:guard_support.obj
 0001:00005110       _guard_icall_checks_enforced 0000000140006110 f i LIBCMTD:guard_support.obj
 0001:00005150       ??3@YAXPEAX_K@Z            0000000140006150 f   LIBCMTD:delete_scalar_size.obj
 0001:00005170       ??1type_info@@UEAA@XZ      0000000140006170 f   LIBCMTD:std_type_info_static.obj
 0001:00005190       ??_Etype_info@@UEAAPEAXI@Z 0000000140006190 f i LIBCMTD:std_type_info_static.obj
 0001:00005190       ??_Gtype_info@@UEAAPEAXI@Z 0000000140006190 f i LIBCMTD:std_type_info_static.obj
 0001:000051d0       __isa_available_init       00000001400061d0 f   LIBCMTD:cpu_disp.obj
 0001:00005570       __scrt_is_ucrt_dll_in_use  0000000140006570 f   LIBCMTD:ucrt_detection.obj
 0001:000055a0       ??3@YAXPEAX@Z              00000001400065a0 f   LIBCMTD:delete_scalar.obj
 0001:000055c0       __C_specific_handler       00000001400065c0 f   libvcruntimed:riscchandler.obj
 0001:00005a30       ??$?RD@__crt_public_free_policy@@QEBAXQEBD@Z 0000000140006a30 f i libvcruntimed:std_exception.obj
 0001:00005a50       ??0?$__crt_scoped_stack_ptr_tag@_W@@QEAA@QEA_W@Z 0000000140006a50 f i libucrtd:getstringtypea.obj
 0001:00005a50       ??0?$__crt_unique_heap_ptr@P6AXXZU__crt_internal_free_policy@@@@QEAA@QEAP6AXXZ@Z 0000000140006a50 f i libucrtd:onexit.obj
 0001:00005a50       ??0?$__crt_unique_heap_ptr@PEAU__crt_stdio_stream_data@@U__crt_internal_free_policy@@@@QEAA@QEAPEAU__crt_stdio_stream_data@@@Z 0000000140006a50 f i libucrtd:_file.obj
 0001:00005a50       ??0?$__crt_unique_heap_ptr@U__vcrt_ptd@@U__crt_internal_free_policy@@@@QEAA@QEAU__vcrt_ptd@@@Z 0000000140006a50 f i libvcruntimed:per_thread_data.obj
 0001:00005a50       ??0?$__crt_unique_heap_ptr@DU__crt_internal_free_policy@@@@QEAA@QEAD@Z 0000000140006a50 f i libvcruntimed:std_type_info.obj
 0001:00005a50       ??0?$__crt_scoped_stack_ptr@_W@@QEAA@U?$__crt_scoped_stack_ptr_tag@_W@@@Z 0000000140006a50 f i libucrtd:getstringtypea.obj
 0001:00005a50       ??0__crt_stdio_stream@@QEAA@QEAU_iobuf@@@Z 0000000140006a50 f i libucrtd:output.obj
 0001:00005a50       ??0?$__crt_unique_heap_ptr@U__crt_lowio_handle_data@@U__crt_internal_free_policy@@@@QEAA@QEAU__crt_lowio_handle_data@@@Z 0000000140006a50 f i libucrtd:osfinfo.obj
 0001:00005a50       ??0?$string_output_adapter@D@__crt_stdio_output@@QEAA@QEAU?$string_output_adapter_context@D@1@@Z 0000000140006a50 f i libucrtd:output.obj
 0001:00005a50       ??0?$__crt_unique_heap_ptr@PEADU__crt_internal_free_policy@@@@QEAA@QEAPEAD@Z 0000000140006a50 f i libucrtd:argv_parsing.obj
 0001:00005a50       ??0?$__crt_unique_heap_ptr@U__acrt_ptd@@U__crt_internal_free_policy@@@@QEAA@QEAU__acrt_ptd@@@Z 0000000140006a50 f i libucrtd:per_thread_data.obj
 0001:00005a50       ??0?$string_output_adapter@_W@__crt_stdio_output@@QEAA@QEAU?$string_output_adapter_context@_W@1@@Z 0000000140006a50 f i libucrtd:output.obj
 0001:00005a50       ??0?$__crt_unique_heap_ptr@U__crt_multibyte_data@@U__crt_internal_free_policy@@@@QEAA@QEAU__crt_multibyte_data@@@Z 0000000140006a50 f i libucrtd:wsetlocale.obj
 0001:00005a50       ??0?$__crt_unique_heap_ptr@DU__crt_public_free_policy@@@@QEAA@QEAD@Z 0000000140006a50 f i libvcruntimed:std_exception.obj
 0001:00005a50       ??0?$__crt_unique_heap_ptr@EU__crt_internal_free_policy@@@@QEAA@QEAE@Z 0000000140006a50 f i libucrtd:argv_parsing.obj
 0001:00005a50       ??0?$__crt_unique_handle_t@U__crt_hmodule_traits@@@@QEAA@QEAUHINSTANCE__@@@Z 0000000140006a50 f i libucrtd:exit.obj
 0001:00005a50       ??0?$__crt_unique_handle_t@U__crt_findfile_traits@@@@QEAA@QEAX@Z 0000000140006a50 f i libucrtd:argv_wildcards.obj
 0001:00005a50       ??0__crt_stdio_stream@@QEAA@QEAU__crt_stdio_stream_data@@@Z 0000000140006a50 f i libucrtd:fflush.obj
 0001:00005a70       ??1?$__crt_unique_heap_ptr@DU__crt_public_free_policy@@@@QEAA@XZ 0000000140006a70 f i libvcruntimed:std_exception.obj
 0001:00005a90       ??B?$__crt_unique_heap_ptr@U__vcrt_ptd@@U__crt_internal_free_policy@@@@QEBA_NXZ 0000000140006a90 f i libvcruntimed:per_thread_data.obj
 0001:00005a90       ??B?$__crt_unique_heap_ptr@PEADU__crt_internal_free_policy@@@@QEBA_NXZ 0000000140006a90 f i libucrtd:environment_initialization.obj
 0001:00005a90       ??B?$__crt_unique_heap_ptr@EU__crt_internal_free_policy@@@@QEBA_NXZ 0000000140006a90 f i libucrtd:argv_parsing.obj
 0001:00005a90       ??B?$__crt_unique_heap_ptr@DU__crt_internal_free_policy@@@@QEBA_NXZ 0000000140006a90 f i libvcruntimed:std_type_info.obj
 0001:00005a90       ??B?$__crt_unique_heap_ptr@U__crt_multibyte_data@@U__crt_internal_free_policy@@@@QEBA_NXZ 0000000140006a90 f i libucrtd:wsetlocale.obj
 0001:00005a90       ??B?$__crt_unique_heap_ptr@U__acrt_ptd@@U__crt_internal_free_policy@@@@QEBA_NXZ 0000000140006a90 f i libucrtd:per_thread_data.obj
 0001:00005a90       ??B?$__crt_unique_heap_ptr@U__crt_lowio_handle_data@@U__crt_internal_free_policy@@@@QEBA_NXZ 0000000140006a90 f i libucrtd:osfinfo.obj
 0001:00005a90       ??B?$__crt_unique_heap_ptr@DU__crt_public_free_policy@@@@QEBA_NXZ 0000000140006a90 f i libvcruntimed:std_exception.obj
 0001:00005ab0       ?detach@?$__crt_unique_heap_ptr@P6AXXZU__crt_internal_free_policy@@@@QEAAPEAP6AXXZXZ 0000000140006ab0 f i libucrtd:onexit.obj
 0001:00005ab0       ?detach@?$__crt_unique_heap_ptr@U__vcrt_ptd@@U__crt_internal_free_policy@@@@QEAAPEAU__vcrt_ptd@@XZ 0000000140006ab0 f i libvcruntimed:per_thread_data.obj
 0001:00005ab0       ?detach@?$__crt_unique_heap_ptr@PEAU__crt_stdio_stream_data@@U__crt_internal_free_policy@@@@QEAAPEAPEAU__crt_stdio_stream_data@@XZ 0000000140006ab0 f i libucrtd:_file.obj
 0001:00005ab0       ?detach@?$__crt_unique_heap_ptr@U__acrt_ptd@@U__crt_internal_free_policy@@@@QEAAPEAU__acrt_ptd@@XZ 0000000140006ab0 f i libucrtd:per_thread_data.obj
 0001:00005ab0       ?detach@?$__crt_unique_heap_ptr@DU__crt_internal_free_policy@@@@QEAAPEADXZ 0000000140006ab0 f i libucrtd:environment_initialization.obj
 0001:00005ab0       ?detach@?$__crt_unique_heap_ptr@EU__crt_internal_free_policy@@@@QEAAPEAEXZ 0000000140006ab0 f i libucrtd:argv_parsing.obj
 0001:00005ab0       ?detach@?$__crt_unique_heap_ptr@U__crt_multibyte_data@@U__crt_internal_free_policy@@@@QEAAPEAU__crt_multibyte_data@@XZ 0000000140006ab0 f i libucrtd:wsetlocale.obj
 0001:00005ab0       ?detach@?$__crt_unique_heap_ptr@DU__crt_public_free_policy@@@@QEAAPEADXZ 0000000140006ab0 f i libvcruntimed:std_exception.obj
 0001:00005ab0       ?detach@?$__crt_unique_heap_ptr@PEADU__crt_internal_free_policy@@@@QEAAPEAPEADXZ 0000000140006ab0 f i libucrtd:argv_parsing.obj
 0001:00005ab0       ?detach@?$__crt_unique_heap_ptr@U__crt_lowio_handle_data@@U__crt_internal_free_policy@@@@QEAAPEAU__crt_lowio_handle_data@@XZ 0000000140006ab0 f i libucrtd:osfinfo.obj
 0001:00005ae0       ?get@?$__crt_scoped_stack_ptr@_W@@QEBAPEA_WXZ 0000000140006ae0 f i libucrtd:getstringtypea.obj
 0001:00005ae0       ?get@?$__crt_unique_heap_ptr@U__acrt_ptd@@U__crt_internal_free_policy@@@@QEBAPEAU__acrt_ptd@@XZ 0000000140006ae0 f i libucrtd:per_thread_data.obj
 0001:00005ae0       ?get@?$__crt_unique_heap_ptr@PEADU__crt_internal_free_policy@@@@QEBAPEAPEADXZ 0000000140006ae0 f i libucrtd:argv_parsing.obj
 0001:00005ae0       ?get@?$__crt_unique_heap_ptr@DU__crt_internal_free_policy@@@@QEBAPEADXZ 0000000140006ae0 f i libvcruntimed:std_type_info.obj
 0001:00005ae0       ?get@?$__crt_unique_heap_ptr@U__crt_lowio_handle_data@@U__crt_internal_free_policy@@@@QEBAPEAU__crt_lowio_handle_data@@XZ 0000000140006ae0 f i libucrtd:osfinfo.obj
 0001:00005ae0       ?get@?$__crt_unique_heap_ptr@EU__crt_internal_free_policy@@@@QEBAPEAEXZ 0000000140006ae0 f i libucrtd:argv_parsing.obj
 0001:00005ae0       ?get@?$__crt_unique_heap_ptr@U__vcrt_ptd@@U__crt_internal_free_policy@@@@QEBAPEAU__vcrt_ptd@@XZ 0000000140006ae0 f i libvcruntimed:per_thread_data.obj
 0001:00005ae0       ?public_stream@__crt_stdio_stream@@QEBAPEAU_iobuf@@XZ 0000000140006ae0 f i libucrtd:output.obj
 0001:00005ae0       ?get@?$__crt_unique_handle_t@U__crt_findfile_traits@@@@QEBAPEAXXZ 0000000140006ae0 f i libucrtd:argv_wildcards.obj
 0001:00005ae0       ?get@?$__crt_unique_handle_t@U__crt_hmodule_traits@@@@QEBAPEAUHINSTANCE__@@XZ 0000000140006ae0 f i libucrtd:exit.obj
 0001:00005ae0       ?save_state@?$c_string_character_source@D@__crt_strtox@@QEBAPEBDXZ 0000000140006ae0 f i libucrtd:output.obj
 0001:00005ae0       ?save_state@?$c_string_character_source@_W@__crt_strtox@@QEBAPEB_WXZ 0000000140006ae0 f i libucrtd:output.obj
 0001:00005ae0       ?get@?$__crt_unique_heap_ptr@U__crt_multibyte_data@@U__crt_internal_free_policy@@@@QEBAPEAU__crt_multibyte_data@@XZ 0000000140006ae0 f i libucrtd:wsetlocale.obj
 0001:00005ae0       ??C__crt_stdio_stream@@QEBAPEAU__crt_stdio_stream_data@@XZ 0000000140006ae0 f i libucrtd:output.obj
 0001:00005ae0       ?get@?$__crt_unique_heap_ptr@DU__crt_public_free_policy@@@@QEBAPEADXZ 0000000140006ae0 f i libvcruntimed:std_exception.obj
 0001:00005af0       ?is_valid@?$__crt_unique_heap_ptr@EU__crt_internal_free_policy@@@@QEBA_NXZ 0000000140006af0 f i libucrtd:argv_parsing.obj
 0001:00005af0       ?is_valid@?$__crt_unique_heap_ptr@U__crt_lowio_handle_data@@U__crt_internal_free_policy@@@@QEBA_NXZ 0000000140006af0 f i libucrtd:osfinfo.obj
 0001:00005af0       ?is_valid@?$__crt_unique_heap_ptr@U__crt_multibyte_data@@U__crt_internal_free_policy@@@@QEBA_NXZ 0000000140006af0 f i libucrtd:wsetlocale.obj
 0001:00005af0       ?is_valid@?$__crt_unique_heap_ptr@DU__crt_public_free_policy@@@@QEBA_NXZ 0000000140006af0 f i libvcruntimed:std_exception.obj
 0001:00005af0       ?is_valid@?$__crt_unique_heap_ptr@DU__crt_internal_free_policy@@@@QEBA_NXZ 0000000140006af0 f i libvcruntimed:std_type_info.obj
 0001:00005af0       ?is_valid@?$__crt_unique_heap_ptr@PEADU__crt_internal_free_policy@@@@QEBA_NXZ 0000000140006af0 f i libucrtd:environment_initialization.obj
 0001:00005af0       ?valid@__crt_stdio_stream@@QEBA_NXZ 0000000140006af0 f i libucrtd:output.obj
 0001:00005af0       ?is_valid@?$__crt_unique_heap_ptr@U__acrt_ptd@@U__crt_internal_free_policy@@@@QEBA_NXZ 0000000140006af0 f i libucrtd:per_thread_data.obj
 0001:00005af0       ??B?$__crt_scoped_stack_ptr@_W@@QEBA_NXZ 0000000140006af0 f i libucrtd:lcmapstringa.obj
 0001:00005af0       ?is_valid@?$__crt_unique_heap_ptr@U__vcrt_ptd@@U__crt_internal_free_policy@@@@QEBA_NXZ 0000000140006af0 f i libvcruntimed:per_thread_data.obj
 0001:00005b20       ?release@?$__crt_unique_heap_ptr@DU__crt_public_free_policy@@@@QEAAXXZ 0000000140006b20 f i libvcruntimed:std_exception.obj
 0001:00005b50       __std_exception_copy       0000000140006b50 f   libvcruntimed:std_exception.obj
 0001:00005c90       __std_exception_destroy    0000000140006c90 f   libvcruntimed:std_exception.obj
 0001:00005cd0       _CxxThrowException         0000000140006cd0 f   libvcruntimed:throw.obj
 0001:00005e00       __vcrt_initialize          0000000140006e00 f   libvcruntimed:initialization.obj
 0001:00005e40       __vcrt_uninitialize        0000000140006e40 f   libvcruntimed:initialization.obj
 0001:00005e60       ??$?RU__crt_lowio_handle_data@@@__crt_internal_free_policy@@QEBAXQEBU__crt_lowio_handle_data@@@Z 0000000140006e60 f i libucrtd:osfinfo.obj
 0001:00005e60       ??$?RU__crt_multibyte_data@@@__crt_internal_free_policy@@QEBAXQEBU__crt_multibyte_data@@@Z 0000000140006e60 f i libucrtd:wsetlocale.obj
 0001:00005e60       ??$?RPEAU__crt_stdio_stream_data@@@__crt_internal_free_policy@@QEBAXQEBQEAU__crt_stdio_stream_data@@@Z 0000000140006e60 f i libucrtd:_file.obj
 0001:00005e60       ??$?RP6AXXZ@__crt_internal_free_policy@@QEBAXQEBQ6AXXZ@Z 0000000140006e60 f i libucrtd:onexit.obj
 0001:00005e60       ??$?RE@__crt_internal_free_policy@@QEBAXQEBE@Z 0000000140006e60 f i libucrtd:argv_parsing.obj
 0001:00005e60       ??$?RU__acrt_ptd@@@__crt_internal_free_policy@@QEBAXQEBU__acrt_ptd@@@Z 0000000140006e60 f i libucrtd:per_thread_data.obj
 0001:00005e60       ??$?RU__vcrt_ptd@@@__crt_internal_free_policy@@QEBAXQEBU__vcrt_ptd@@@Z 0000000140006e60 f i libvcruntimed:per_thread_data.obj
 0001:00005e60       ??$?RPEAD@__crt_internal_free_policy@@QEBAXQEBQEAD@Z 0000000140006e60 f i libucrtd:argv_parsing.obj
 0001:00005e60       ??$?RD@__crt_internal_free_policy@@QEBAXQEBD@Z 0000000140006e60 f i libvcruntimed:std_type_info.obj
 0001:00005e90       ??1?$__crt_unique_heap_ptr@U__vcrt_ptd@@U__crt_internal_free_policy@@@@QEAA@XZ 0000000140006e90 f i libvcruntimed:per_thread_data.obj
 0001:00005e90       ??1?$__crt_unique_heap_ptr@DU__crt_internal_free_policy@@@@QEAA@XZ 0000000140006e90 f i libvcruntimed:std_type_info.obj
 0001:00005e90       ??1?$__crt_unique_heap_ptr@PEADU__crt_internal_free_policy@@@@QEAA@XZ 0000000140006e90 f i libucrtd:argv_parsing.obj
 0001:00005e90       ??1?$__crt_unique_heap_ptr@PEAU__crt_stdio_stream_data@@U__crt_internal_free_policy@@@@QEAA@XZ 0000000140006e90 f i libucrtd:_file.obj
 0001:00005e90       ??1?$__crt_unique_heap_ptr@EU__crt_internal_free_policy@@@@QEAA@XZ 0000000140006e90 f i libucrtd:argv_parsing.obj
 0001:00005e90       ??1?$__crt_unique_heap_ptr@P6AXXZU__crt_internal_free_policy@@@@QEAA@XZ 0000000140006e90 f i libucrtd:onexit.obj
 0001:00005e90       ??1?$__crt_unique_heap_ptr@U__crt_multibyte_data@@U__crt_internal_free_policy@@@@QEAA@XZ 0000000140006e90 f i libucrtd:wsetlocale.obj
 0001:00005e90       ??1?$__crt_unique_heap_ptr@U__crt_lowio_handle_data@@U__crt_internal_free_policy@@@@QEAA@XZ 0000000140006e90 f i libucrtd:osfinfo.obj
 0001:00005e90       ??1?$__crt_unique_heap_ptr@U__acrt_ptd@@U__crt_internal_free_policy@@@@QEAA@XZ 0000000140006e90 f i libucrtd:per_thread_data.obj
 0001:00005eb0       ?__crt_interlocked_read_64@@YA_JPED_J@Z 0000000140006eb0 f i libvcruntimed:std_type_info.obj
 0001:00005ed0       ?release@?$__crt_unique_heap_ptr@U__crt_multibyte_data@@U__crt_internal_free_policy@@@@QEAAXXZ 0000000140006ed0 f i libucrtd:wsetlocale.obj
 0001:00005ed0       ?release@?$__crt_unique_heap_ptr@U__crt_lowio_handle_data@@U__crt_internal_free_policy@@@@QEAAXXZ 0000000140006ed0 f i libucrtd:osfinfo.obj
 0001:00005ed0       ?release@?$__crt_unique_heap_ptr@U__acrt_ptd@@U__crt_internal_free_policy@@@@QEAAXXZ 0000000140006ed0 f i libucrtd:per_thread_data.obj
 0001:00005ed0       ?release@?$__crt_unique_heap_ptr@PEAU__crt_stdio_stream_data@@U__crt_internal_free_policy@@@@QEAAXXZ 0000000140006ed0 f i libucrtd:_file.obj
 0001:00005ed0       ?release@?$__crt_unique_heap_ptr@U__vcrt_ptd@@U__crt_internal_free_policy@@@@QEAAXXZ 0000000140006ed0 f i libvcruntimed:per_thread_data.obj
 0001:00005ed0       ?release@?$__crt_unique_heap_ptr@DU__crt_internal_free_policy@@@@QEAAXXZ 0000000140006ed0 f i libvcruntimed:std_type_info.obj
 0001:00005ed0       ?release@?$__crt_unique_heap_ptr@PEADU__crt_internal_free_policy@@@@QEAAXXZ 0000000140006ed0 f i libucrtd:argv_parsing.obj
 0001:00005ed0       ?release@?$__crt_unique_heap_ptr@P6AXXZU__crt_internal_free_policy@@@@QEAAXXZ 0000000140006ed0 f i libucrtd:onexit.obj
 0001:00005ed0       ?release@?$__crt_unique_heap_ptr@EU__crt_internal_free_policy@@@@QEAAXXZ 0000000140006ed0 f i libucrtd:argv_parsing.obj
 0001:00005f00       __std_type_info_compare    0000000140006f00 f   libvcruntimed:std_type_info.obj
 0001:00005f40       __DestructExceptionObject  0000000140006f40 f   libvcruntimed:ehhelpers.obj
 0001:00006040       ?_CallMemberFunction0@@YAXQEAX0@Z 0000000140007040 f i libvcruntimed:ehhelpers.obj
 0001:00006110       _IsExceptionObjectToBeDestroyed 0000000140007110 f   libvcruntimed:ehhelpers.obj
 0001:00006160       __AdjustPointer            0000000140007160 f   libvcruntimed:ehhelpers.obj
 0001:000061e0       __FrameUnwindFilter        00000001400071e0 f   libvcruntimed:ehhelpers.obj
 0001:00006290       __current_exception        0000000140007290 f   libvcruntimed:ehhelpers.obj
 0001:000062b0       __current_exception_context 00000001400072b0 f   libvcruntimed:ehhelpers.obj
 0001:000062e0       _NLG_Notify                00000001400072e0 f   libvcruntimed:notify.obj
 0001:00006300       __NLG_Dispatch2            0000000140007300 f   libvcruntimed:notify.obj
 0001:00006310       __NLG_Return2              0000000140007310 f   libvcruntimed:notify.obj
 0001:00006320       __except_validate_context_record 0000000140007320 f   libvcruntimed:jbcxrval.obj
 0001:00006400       __vcrt_freefls             0000000140007400 f   libvcruntimed:per_thread_data.obj
 0001:00006440       __vcrt_getptd              0000000140007440 f   libvcruntimed:per_thread_data.obj
 0001:00006470       __vcrt_getptd_noexit       0000000140007470 f   libvcruntimed:per_thread_data.obj
 0001:00006610       __vcrt_initialize_ptd      0000000140007610 f   libvcruntimed:per_thread_data.obj
 0001:00006660       __vcrt_uninitialize_ptd    0000000140007660 f   libvcruntimed:per_thread_data.obj
 0001:00006690       __vcrt_initialize_locks    0000000140007690 f   libvcruntimed:locks.obj
 0001:00006700       __vcrt_uninitialize_locks  0000000140007700 f   libvcruntimed:locks.obj
 0001:00006760       _vsprintf_s_l              0000000140007760 f i libvcruntimed:undname.obj
 0001:000067d0       sprintf_s                  00000001400077d0 f i libvcruntimed:undname.obj
 0001:00006830       ??$__crt_interlocked_exchange_pointer@XPEAX@@YAPEAXPEDSEAXQEAX@Z 0000000140007830 f i libvcruntimed:winapi_downlevel.obj
 0001:00006830       ??$__crt_interlocked_exchange_pointer@UHINSTANCE__@@PEAX@@YAPEAUHINSTANCE__@@PEDSEAU0@QEAX@Z 0000000140007830 f i libvcruntimed:winapi_downlevel.obj
 0001:00006830       ??$__crt_interlocked_exchange_pointer@UHINSTANCE__@@PEAU1@@@YAPEAUHINSTANCE__@@PEDSEAU0@QEAU0@@Z 0000000140007830 f i libvcruntimed:winapi_downlevel.obj
 0001:00006850       ??$__crt_interlocked_read_pointer@UHINSTANCE__@@@@YAPEAUHINSTANCE__@@PEDSEAU0@@Z 0000000140007850 f i libvcruntimed:winapi_downlevel.obj
 0001:00006850       ??$__crt_interlocked_read_pointer@X@@YAPEAXPEDSEAX@Z 0000000140007850 f i libvcruntimed:winapi_downlevel.obj
 0001:00006870       ?get_invalid_value@__crt_findfile_traits@@SAPEAXXZ 0000000140007870 f   libucrtd:argv_wildcards.obj
 0001:00006d60       __vcrt_FlsAlloc            0000000140007d60 f   libvcruntimed:winapi_downlevel.obj
 0001:00006db0       __vcrt_FlsFree             0000000140007db0 f   libvcruntimed:winapi_downlevel.obj
 0001:00006e00       __vcrt_FlsGetValue         0000000140007e00 f   libvcruntimed:winapi_downlevel.obj
 0001:00006e50       __vcrt_FlsSetValue         0000000140007e50 f   libvcruntimed:winapi_downlevel.obj
 0001:00006eb0       __vcrt_InitializeCriticalSectionEx 0000000140007eb0 f   libvcruntimed:winapi_downlevel.obj
 0001:00006f30       memcpy_repmovs             0000000140007f30 f   libvcruntimed:memcpy.obj
 0001:00006f50       memcpy                     0000000140007f50 f   libvcruntimed:memcpy.obj
 0001:00006f50       memmove                    0000000140007f50 f   libvcruntimed:memcpy.obj
 0001:000075d0       ??$?0AEAViterator@TryBlockMap@__FrameHandler3@@AEAV012@$0A@@?$pair@Viterator@TryBlockMap@__FrameHandler3@@V123@@std@@QEAA@AEAViterator@TryBlockMap@__FrameHandler3@@0@Z 00000001400085d0 f i libvcruntimed:risctrnsctrl.obj
 0001:000076e0       ??$_CallSETranslator@V__FrameHandler3@@@@YAHPEAUEHExceptionRecord@@PEA_KPEAU_CONTEXT@@PEAU_xDISPATCHER_CONTEXT@@PEBU_s_FuncInfo@@K1H@Z 00000001400086e0 f i libvcruntimed:risctrnsctrl.obj
 0001:00007770       ?debug_info@?$__crt_win32_buffer@DU__crt_win32_buffer_internal_dynamic_resizing@@@@QEBAAEBV__crt_win32_buffer_empty_debug_info@@XZ 0000000140008770 f i libucrtd:argv_wildcards.obj
 0001:00007770       ?dangerous_get_state_array@?$dual_state_global@H@__crt_state_management@@QEAAPEAHXZ 0000000140008770 f i libucrtd:txtmode.obj
 0001:00007770       ?debug_info@?$__crt_win32_buffer@DU__crt_win32_buffer_no_resizing@@@@QEBAAEBV__crt_win32_buffer_empty_debug_info@@XZ 0000000140008770 f i libucrtd:getmodulefilenamea.obj
 0001:00007770       ?dangerous_get_state_array@?$dual_state_global@PEAE@__crt_state_management@@QEAAPEAPEAEXZ 0000000140008770 f i libucrtd:mbctype.obj
 0001:00007770       ?dangerous_get_state_array@?$dual_state_global@P6AXPEB_W00I_K@Z@__crt_state_management@@QEAAPEAP6AXPEB_W00I_K@ZXZ 0000000140008770 f i libucrtd:invalid_parameter.obj
 0001:00007770       ?dangerous_get_state_array@?$dual_state_global@PEAU__crt_locale_data@@@__crt_state_management@@QEAAPEAPEAU__crt_locale_data@@XZ 0000000140008770 f i libucrtd:per_thread_data.obj
 0001:00007770       ?debug_info@?$__crt_win32_buffer@_WU__crt_win32_buffer_internal_dynamic_resizing@@@@QEBAAEBV__crt_win32_buffer_empty_debug_info@@XZ 0000000140008770 f i libucrtd:argv_wildcards.obj
 0001:00007770       ?get_address_of@?$__crt_unique_handle_t@U__crt_hmodule_traits@@@@QEAAPEAPEAUHINSTANCE__@@XZ 0000000140008770 f i libucrtd:exit.obj
 0001:00007770       ?get_address_of@?$__crt_unique_heap_ptr@PEADU__crt_internal_free_policy@@@@QEAAPEAPEAPEADXZ 0000000140008770 f i libucrtd:argv_parsing.obj
 0001:00007770       ??$forward@AEAViterator@TryBlockMap@__FrameHandler3@@@std@@YAAEAViterator@TryBlockMap@__FrameHandler3@@AEAV123@@Z 0000000140008770 f i libvcruntimed:risctrnsctrl.obj
 0001:00007770       ?dangerous_get_state_array@?$dual_state_global@PEAU__crt_multibyte_data@@@__crt_state_management@@QEAAPEAPEAU__crt_multibyte_data@@XZ 0000000140008770 f i libucrtd:mbctype.obj
 0001:00007780       ??0iterator@HandlerMap@__FrameHandler3@@QEAA@AEAV12@I@Z 0000000140008780 f i libvcruntimed:frame.obj
 0001:00007780       ??0iterator@TryBlockMap@__FrameHandler3@@QEAA@AEAV12@I@Z 0000000140008780 f i libvcruntimed:risctrnsctrl.obj
 0001:000077b0       ?CatchTryBlock@__FrameHandler3@@SAPEBU_s_TryBlockMapEntry@@PEBU_s_FuncInfo@@H@Z 00000001400087b0 f   libvcruntimed:risctrnsctrl.obj
 0001:00007840       ?ExecutionInCatch@__FrameHandler3@@SA_NPEAU_xDISPATCHER_CONTEXT@@PEBU_s_FuncInfo@@@Z 0000000140008840 f   libvcruntimed:risctrnsctrl.obj
 0001:00007890       ?FrameUnwindToEmptyState@__FrameHandler3@@SAXPEA_KPEAU_xDISPATCHER_CONTEXT@@PEBU_s_FuncInfo@@@Z 0000000140008890 f   libvcruntimed:risctrnsctrl.obj
 0001:00007930       ?GetEstablisherFrame@__FrameHandler3@@SAPEA_KPEA_KPEAU_xDISPATCHER_CONTEXT@@PEBU_s_FuncInfo@@0@Z 0000000140008930 f   libvcruntimed:risctrnsctrl.obj
 0001:00007aa0       ?GetRangeOfTrysToCheck@__FrameHandler3@@SA?AU?$pair@Viterator@TryBlockMap@__FrameHandler3@@V123@@std@@AEAVTryBlockMap@1@HPEAU_xDISPATCHER_CONTEXT@@PEBU_s_FuncInfo@@H@Z 0000000140008aa0 f   libvcruntimed:risctrnsctrl.obj
 0001:00007ce0       ?UnwindNestedFrames@__FrameHandler3@@SAXPEA_KPEAUEHExceptionRecord@@PEAU_CONTEXT@@0PEAXPEBU_s_FuncInfo@@HHPEBU_s_HandlerType@@PEAU_xDISPATCHER_CONTEXT@@E@Z 0000000140008ce0 f   libvcruntimed:risctrnsctrl.obj
 0001:00007e50       _CreateFrameInfo           0000000140008e50 f   libvcruntimed:risctrnsctrl.obj
 0001:00007ec0       _FindAndUnlinkFrame        0000000140008ec0 f   libvcruntimed:risctrnsctrl.obj
 0001:00007f40       _GetImageBase              0000000140008f40 f   libvcruntimed:risctrnsctrl.obj
 0001:00007f60       _GetThrowImageBase         0000000140008f60 f   libvcruntimed:risctrnsctrl.obj
 0001:00007f80       _SetImageBase              0000000140008f80 f   libvcruntimed:risctrnsctrl.obj
 0001:00007fa0       _SetThrowImageBase         0000000140008fa0 f   libvcruntimed:risctrnsctrl.obj
 0001:00007fc0       __CxxFrameHandler3         0000000140008fc0 f   libvcruntimed:risctrnsctrl.obj
 0001:000080a0       ?GetCurrentState@__FrameHandler3@@SAHPEA_KPEAU_xDISPATCHER_CONTEXT@@PEBU_s_FuncInfo@@@Z 00000001400090a0 f   libvcruntimed:ehstate.obj
 0001:00008100       ?GetUnwindTryBlock@__FrameHandler3@@SAHPEA_KPEAU_xDISPATCHER_CONTEXT@@PEBU_s_FuncInfo@@@Z 0000000140009100 f   libvcruntimed:ehstate.obj
 0001:00008150       ?SetState@__FrameHandler3@@SAXPEA_KPEBU_s_FuncInfo@@H@Z 0000000140009150 f   libvcruntimed:ehstate.obj
 0001:00008180       ?SetUnwindTryBlock@__FrameHandler3@@SAXPEA_KPEAU_xDISPATCHER_CONTEXT@@PEBU_s_FuncInfo@@H@Z 0000000140009180 f   libvcruntimed:ehstate.obj
 0001:000081f0       ?StateFromControlPc@__FrameHandler3@@SAHPEBU_s_FuncInfo@@PEAU_xDISPATCHER_CONTEXT@@@Z 00000001400091f0 f   libvcruntimed:ehstate.obj
 0001:00008230       ?StateFromIp@__FrameHandler3@@SAHPEBU_s_FuncInfo@@PEAU_xDISPATCHER_CONTEXT@@_K@Z 0000000140009230 f   libvcruntimed:ehstate.obj
 0001:00008320       ?__RVAtoRealOffset@@YA_KPEAU_xDISPATCHER_CONTEXT@@H@Z 0000000140009320 f i libvcruntimed:ehstate.obj
 0001:000094f0       ??$TypeMatchHelper@V__FrameHandler3@@@@YAHPEBU_s_HandlerType@@PEBU_s_CatchableType@@PEBU_s_ThrowInfo@@@Z 000000014000a4f0 f i libvcruntimed:frame.obj
 0001:000096f0       ??$__InternalCxxFrameHandler@V__FrameHandler3@@@@YA?AW4_EXCEPTION_DISPOSITION@@PEAUEHExceptionRecord@@PEA_KPEAU_CONTEXT@@PEAU_xDISPATCHER_CONTEXT@@PEBU_s_FuncInfo@@H1E@Z 000000014000a6f0 f i libvcruntimed:frame.obj
 0001:00009b60       ??0HandlerMap@__FrameHandler3@@QEAA@PEBU_s_TryBlockMapEntry@@_KI@Z 000000014000ab60 f i libvcruntimed:frame.obj
 0001:00009bb0       ??0TryBlockMap@__FrameHandler3@@QEAA@PEBU_s_FuncInfo@@_K@Z 000000014000abb0 f i libvcruntimed:frame.obj
 0001:00009be0       ??0bad_exception@std@@QEAA@AEBV01@@Z 000000014000abe0 f i libvcruntimed:frame.obj
 0001:00009c20       ??0bad_exception@std@@QEAA@XZ 000000014000ac20 f i libvcruntimed:frame.obj
 0001:00009c60       ??8iterator@HandlerMap@__FrameHandler3@@QEBA_NAEBV012@@Z 000000014000ac60 f i libvcruntimed:frame.obj
 0001:00009ca0       ??8type_info@@QEBA_NAEBV0@@Z 000000014000aca0 f i libvcruntimed:frame.obj
 0001:00009cf0       ??9iterator@HandlerMap@__FrameHandler3@@QEBA_NAEBV012@@Z 000000014000acf0 f i libvcruntimed:frame.obj
 0001:00009d30       ??Diterator@HandlerMap@__FrameHandler3@@QEAA?BU_s_HandlerType@@XZ 000000014000ad30 f i libvcruntimed:frame.obj
 0001:00009d70       ??Diterator@TryBlockMap@__FrameHandler3@@QEAA?BU_s_TryBlockMapEntry@@XZ 000000014000ad70 f i libvcruntimed:frame.obj
 0001:00009dc0       ??Eiterator@HandlerMap@__FrameHandler3@@QEAAAEAV012@XZ 000000014000adc0 f i libvcruntimed:frame.obj
 0001:00009dc0       ??Eiterator@TryBlockMap@__FrameHandler3@@QEAAAEAV012@XZ 000000014000adc0 f i libvcruntimed:frame.obj
 0001:00009de0       ??Miterator@TryBlockMap@__FrameHandler3@@QEBA_NAEBV012@@Z 000000014000ade0 f i libvcruntimed:frame.obj
 0001:00009e20       ?BuildCatchObject@__FrameHandler3@@SAXPEAUEHExceptionRecord@@PEAXPEBU_s_HandlerType@@PEBU_s_CatchableType@@@Z 000000014000ae20 f   libvcruntimed:frame.obj
 0001:00009e60       ?CxxCallCatchBlock@__FrameHandler3@@SAPEAXPEAU_EXCEPTION_RECORD@@@Z 000000014000ae60 f   libvcruntimed:frame.obj
 0001:0000a1c0       ?FrameUnwindToState@__FrameHandler3@@SAXPEA_KPEAU_xDISPATCHER_CONTEXT@@PEBU_s_FuncInfo@@H@Z 000000014000b1c0 f   libvcruntimed:frame.obj
 0001:0000a410       ?GetHandlerSearchState@__FrameHandler3@@SAHPEA_KPEAU_xDISPATCHER_CONTEXT@@PEBU_s_FuncInfo@@@Z 000000014000b410 f i libvcruntimed:frame.obj
 0001:0000a4c0       ?GetMaxState@__FrameHandler3@@SAHPEAU_xDISPATCHER_CONTEXT@@PEBU_s_FuncInfo@@@Z 000000014000b4c0 f i libvcruntimed:frame.obj
 0001:0000a6c0       __TypeMatch                000000014000b6c0 f   libvcruntimed:frame.obj
 0001:0000a6c0       ?TypeMatch@__FrameHandler3@@SAHPEBU_s_HandlerType@@PEBU_s_CatchableType@@PEBU_s_ThrowInfo@@@Z 000000014000b6c0 f   libvcruntimed:frame.obj
 0001:0000a6f0       ?_CallMemberFunction1@@YAXQEAX00@Z 000000014000b6f0 f i libvcruntimed:frame.obj
 0001:0000a730       ?_CallMemberFunction2@@YAXQEAX00H@Z 000000014000b730 f i libvcruntimed:frame.obj
 0001:0000a7c0       ?begin@HandlerMap@__FrameHandler3@@QEAA?AViterator@12@XZ 000000014000b7c0 f i libvcruntimed:frame.obj
 0001:0000a7f0       ?end@HandlerMap@__FrameHandler3@@QEAA?AViterator@12@XZ 000000014000b7f0 f i libvcruntimed:frame.obj
 0001:0000a820       ?getESTypes@__FrameHandler3@@SAPEBU_s_ESTypeList@@PEBU_s_FuncInfo@@@Z 000000014000b820 f i libvcruntimed:frame.obj
 0001:0000a860       ?getLastEntry@HandlerMap@__FrameHandler3@@QEAAPEBU_s_HandlerType@@XZ 000000014000b860 f i libvcruntimed:frame.obj
 0001:0000a880       ?getMagicNum@__FrameHandler3@@SAIPEBU_s_FuncInfo@@@Z 000000014000b880 f i libvcruntimed:frame.obj
 0001:0000a8a0       ?getNumTryBlocks@TryBlockMap@__FrameHandler3@@QEAAIXZ 000000014000b8a0 f i libvcruntimed:frame.obj
 0001:0000a8c0       ?isEHs@__FrameHandler3@@SA_NPEBU_s_FuncInfo@@@Z 000000014000b8c0 f i libvcruntimed:frame.obj
 0001:0000a900       ?isNoExcept@__FrameHandler3@@SA_NPEBU_s_FuncInfo@@@Z 000000014000b900 f i libvcruntimed:frame.obj
 0001:0000a940       __vcrt_EncodePointer       000000014000b940 f i libvcruntimed:frame.obj
 0001:0000a970       memset_repmovs             000000014000b970 f   libvcruntimed:memset.obj
 0001:0000a990       memset                     000000014000b990 f   libvcruntimed:memset.obj
 0001:0000ab30       _CallSettingFrame          000000014000bb30 f   libvcruntimed:handlers.obj
 0001:0000ab80       _CallSettingFrame_LookupContinuationIndex 000000014000bb80 f   libvcruntimed:handlers.obj
 0001:0000abb0       _CallSettingFrame_NotifyContinuationAddr 000000014000bbb0 f   libvcruntimed:handlers.obj
 0001:0000abe0       _CallSettingFrameEncoded   000000014000bbe0 f   libvcruntimed:handlers.obj
 0001:0000ac30       atan2f                     000000014000bc30 f   libucrtd:atan2f.obj
 0001:0000b730       cosf                       000000014000c730 f   libucrtd:cosf.obj
 0001:0000bc30       sinf                       000000014000cc30 f   libucrtd:sinf.obj
 0001:0000c330       sqrtf                      000000014000d330 f   libucrtd:sqrtf.obj
 0001:0000c470       ??$__crt_fast_decode_pointer@P6AXPEAXK0@Z@@YAP6AXPEAXK0@ZQ6AX0K0@Z@Z 000000014000d470 f i libucrtd:exit.obj
 0001:0000c470       ??$__crt_fast_decode_pointer@P6AXXZ@@YAP6AXXZQ6AXXZ@Z 000000014000d470 f i libucrtd:onexit.obj
 0001:0000c470       ??$__crt_fast_decode_pointer@PEAP6AXXZ@@YAPEAP6AXXZQEAP6AXXZ@Z 000000014000d470 f i libucrtd:onexit.obj
 0001:0000c470       ??$__crt_fast_decode_pointer@PEAX@@YAPEAXQEAX@Z 000000014000d470 f i libucrtd:winapi_thunks.obj
 0001:0000c470       ??$__crt_fast_decode_pointer@P6AXH@Z@@YAP6AXH@ZQ6AXH@Z@Z 000000014000d470 f i libucrtd:signal.obj
 0001:0000c470       ??$__crt_fast_decode_pointer@P6AXPEB_W00I_K@Z@@YAP6AXPEB_W00I_K@ZQ6AX000I1@Z@Z 000000014000d470 f i libucrtd:invalid_parameter.obj
 0001:0000c470       ??$__crt_fast_decode_pointer@P6AH_K@Z@@YAP6AH_K@ZQ6AH0@Z@Z 000000014000d470 f i libucrtd:new_handler.obj
 0001:0000c470       ??$__crt_fast_decode_pointer@P6AHPEAU_exception@@@Z@@YAP6AHPEAU_exception@@@ZQ6AH0@Z@Z 000000014000d470 f i libucrtd:matherr.obj
 0001:0000c4b0       ?__crt_fast_encode_pointer@@YA?AU__crt_fast_encoded_nullptr_t@@$$T@Z 000000014000d4b0 f i libucrtd:new_handler.obj
 0001:0000c4d0       ?__crt_rotate_pointer_value@@YA_K_KH@Z 000000014000d4d0 f i libucrtd:new_handler.obj
 0001:0000c4f0       ?initialize@?$dual_state_global@PEAU__crt_multibyte_data@@@__crt_state_management@@QEAAXQEAU__crt_multibyte_data@@@Z 000000014000d4f0 f i libucrtd:mbctype.obj
 0001:0000c4f0       ?initialize@?$dual_state_global@P6AXH@Z@__crt_state_management@@QEAAXQ6AXH@Z@Z 000000014000d4f0 f i libucrtd:signal.obj
 0001:0000c4f0       ?initialize@?$dual_state_global@P6AH_K@Z@__crt_state_management@@QEAAXQ6AH_K@Z@Z 000000014000d4f0 f i libucrtd:new_handler.obj
 0001:0000c4f0       ?initialize@?$dual_state_global@PEAPEAD@__crt_state_management@@QEAAXQEAPEAD@Z 000000014000d4f0 f i libucrtd:environment_initialization.obj
 0001:0000c4f0       ?initialize@?$dual_state_global@P6AHPEAU_exception@@@Z@__crt_state_management@@QEAAXQ6AHPEAU_exception@@@Z@Z 000000014000d4f0 f i libucrtd:matherr.obj
 0001:0000c4f0       ?initialize@?$dual_state_global@PEAU__crt_locale_data@@@__crt_state_management@@QEAAXQEAU__crt_locale_data@@@Z 000000014000d4f0 f i libucrtd:initialization.obj
 0001:0000c540       ?value@?$dual_state_global@P6AH_K@Z@__crt_state_management@@QEAAAEAP6AH_K@ZXZ 000000014000d540 f i libucrtd:new_handler.obj
 0001:0000c540       ?value@?$dual_state_global@P6AHPEAU_exception@@@Z@__crt_state_management@@QEAAAEAP6AHPEAU_exception@@@ZXZ 000000014000d540 f i libucrtd:matherr.obj
 0001:0000c540       ?value@?$dual_state_global@P6AXH@Z@__crt_state_management@@QEAAAEAP6AXH@ZXZ 000000014000d540 f i libucrtd:signal.obj
 0001:0000c540       ?value@?$dual_state_global@PEAE@__crt_state_management@@QEAAAEAPEAEXZ 000000014000d540 f i libucrtd:mbctype.obj
 0001:0000c540       ?value@?$dual_state_global@PEAPEAD@__crt_state_management@@QEAAAEAPEAPEADXZ 000000014000d540 f i libucrtd:environment_initialization.obj
 0001:0000c540       ?value@?$dual_state_global@PEAU__crt_locale_data@@@__crt_state_management@@QEAAAEAPEAU__crt_locale_data@@XZ 000000014000d540 f i libucrtd:wsetlocale.obj
 0001:0000c540       ?value@?$dual_state_global@PEAU__crt_multibyte_data@@@__crt_state_management@@QEAAAEAPEAU__crt_multibyte_data@@XZ 000000014000d540 f i libucrtd:mbctype.obj
 0001:0000c560       __acrt_initialize_new_handler 000000014000d560 f   libucrtd:new_handler.obj
 0001:0000c580       _callnewh                  000000014000d580 f   libucrtd:new_handler.obj
 0001:0000c5e0       _query_new_handler         000000014000d5e0 f   libucrtd:new_handler.obj
 0001:0000c620       malloc                     000000014000d620 f   libucrtd:malloc.obj
 0001:0000c6c0       _seh_filter_exe            000000014000d6c0 f   libucrtd:exception_filter.obj
 0001:0000cb60       __acrt_report_runtime_error 000000014000db60 f   libucrtd:report_runtime_error.obj
 0001:0000cde0       _invoke_watson_if_error    000000014000dde0 f i libucrtd:report_runtime_error.obj
 0001:0000ce30       _query_app_type            000000014000de30 f   libucrtd:report_runtime_error.obj
 0001:0000ce40       _set_app_type              000000014000de40 f   libucrtd:report_runtime_error.obj
 0001:0000ce50       ??$__crt_fast_encode_pointer@P6AXH@Z@@YAP6AXH@ZQ6AXH@Z@Z 000000014000de50 f i libucrtd:signal.obj
 0001:0000ce50       ??$__crt_fast_encode_pointer@P6AXPEAXK0@Z@@YAP6AXPEAXK0@ZQ6AX0K0@Z@Z 000000014000de50 f i libucrtd:exit.obj
 0001:0000ce50       ??$__crt_fast_encode_pointer@P6AXXZ@@YAP6AXXZQ6AXXZ@Z 000000014000de50 f i libucrtd:onexit.obj
 0001:0000ce50       ??$__crt_fast_encode_pointer@P6AHPEAU_exception@@@Z@@YAP6AHPEAU_exception@@@ZQ6AH0@Z@Z 000000014000de50 f i libucrtd:matherr.obj
 0001:0000ce50       ??$__crt_fast_encode_pointer@P6AHXZ@@YAP6AHXZQ6AHXZ@Z 000000014000de50 f i libucrtd:onexit.obj
 0001:0000ce50       ??$__crt_fast_encode_pointer@PEAX@@YAPEAXQEAX@Z 000000014000de50 f i libucrtd:initialization.obj
 0001:0000ce50       ??$__crt_fast_encode_pointer@PEAP6AXXZ@@YAPEAP6AXXZQEAP6AXXZ@Z 000000014000de50 f i libucrtd:onexit.obj
 0001:0000ce90       __acrt_has_user_matherr    000000014000de90 f   libucrtd:matherr.obj
 0001:0000ced0       __acrt_initialize_user_matherr 000000014000ded0 f   libucrtd:matherr.obj
 0001:0000cef0       __acrt_invoke_user_matherr 000000014000def0 f   libucrtd:matherr.obj
 0001:0000cf60       __setusermatherr           000000014000df60 f   libucrtd:matherr.obj
 0001:0000d330       ??$get_module_file_name@$$TAEAY0BAF@DH@?$__crt_char_traits@D@@SAK$$QEA$$TAEAY0BAF@D$$QEAH@Z 000000014000e330 f i libucrtd:argv_parsing.obj
 0001:0000d330       ??$get_module_file_name@AEAPEAUHINSTANCE__@@AEAY0BAF@DK@?$__crt_char_traits@D@@SAKAEAPEAUHINSTANCE__@@AEAY0BAF@D$$QEAK@Z 000000014000e330 f i libucrtd:dbgrpt.obj
 0001:0000d840       ??$set_program_name@PEAD@?$__crt_char_traits@D@@SAX$$QEAPEAD@Z 000000014000e840 f i libucrtd:argv_parsing.obj
 0001:0000d970       __acrt_allocate_buffer_for_argv 000000014000e970 f   libucrtd:argv_parsing.obj
 0001:0000da90       _configure_narrow_argv     000000014000ea90 f   libucrtd:argv_parsing.obj
 0001:0000dab0       _set_pgmptr                000000014000eab0 f i libucrtd:argv_parsing.obj
 0001:0000dee0       ??$get_environment_from_os@$$V@?$__crt_char_traits@D@@SAPEADXZ 000000014000eee0 f i libucrtd:environment_initialization.obj
 0001:0000def0       ??$tcscpy_s@PEADAEB_KAEAPEAD@?$__crt_char_traits@D@@SAH$$QEAPEADAEB_KAEAPEAD@Z 000000014000eef0 f i libucrtd:environment_initialization.obj
 0001:0000df30       ??$tcslen@AEAPEAD@?$__crt_char_traits@D@@SA_KAEAPEAD@Z 000000014000ef30 f i libucrtd:environment_initialization.obj
 0001:0000df30       ??$tcslen@AEBQEBD@?$__crt_char_traits@D@@SA_KAEBQEBD@Z 000000014000ef30 f i libucrtd:dbgrpt.obj
 0001:0000df50       ??$uninitialize@A6AXAEAPEAPEAD@_E@?$dual_state_global@PEAPEAD@__crt_state_management@@QEAAXA6AXAEAPEAPEAD@_E@Z 000000014000ef50 f i libucrtd:environment_initialization.obj
 0001:0000dfd0       ??$uninitialize@A6AXAEAPEAPEA_W@_E@?$dual_state_global@PEAPEA_W@__crt_state_management@@QEAAXA6AXAEAPEAPEA_W@_E@Z 000000014000efd0 f i libucrtd:environment_initialization.obj
 0001:0000e120       __dcrt_uninitialize_environments_nolock 000000014000f120 f   libucrtd:environment_initialization.obj
 0001:0000e170       _initialize_narrow_environment 000000014000f170 f   libucrtd:environment_initialization.obj
 0001:0000e2c0       _get_narrow_winmain_command_line 000000014000f2c0 f   libucrtd:argv_winmain.obj
 0001:0000e2d0       _initterm                  000000014000f2d0 f   libucrtd:initterm.obj
 0001:0000e340       _initterm_e                000000014000f340 f   libucrtd:initterm.obj
 0001:0000e3c0       ??$?B$$A6AXH@Z@__crt_fast_encoded_nullptr_t@@QEBAP6AXH@ZXZ 000000014000f3c0 f i libucrtd:signal.obj
 0001:0000e3c0       ??$?B$$A6AXPEAXK0@Z@__crt_fast_encoded_nullptr_t@@QEBAP6AXPEAXK0@ZXZ 000000014000f3c0 f i libucrtd:exit.obj
 0001:0000e3c0       ??$?BP6AXXZ@__crt_fast_encoded_nullptr_t@@QEBAPEAP6AXXZXZ 000000014000f3c0 f i libucrtd:onexit.obj
 0001:0000e3c0       ??$?B$$A6AXXZ@__crt_fast_encoded_nullptr_t@@QEBAP6AXXZXZ 000000014000f3c0 f i libucrtd:onexit.obj
 0001:0000e3c0       ??$?BX@__crt_fast_encoded_nullptr_t@@QEBAPEAXXZ 000000014000f3c0 f i libucrtd:initialization.obj
 0001:0000e480       ??$__crt_get_proc_address@P6AXI@Z@@YAP6AXI@ZQEAUHINSTANCE__@@QEBD@Z 000000014000f480 f i libucrtd:exit.obj
 0001:0000e4b0       ??$__crt_interlocked_read@J@@YAJPEDJ@Z 000000014000f4b0 f i libucrtd:exit.obj
 0001:0000e540       ??1?$__crt_unique_handle_t@U__crt_hmodule_traits@@@@QEAA@XZ 000000014000f540 f i libucrtd:exit.obj
 0001:0000e6c0       ?__acrt_select_exit_lock@@YA?AW4__acrt_lock_id@@XZ 000000014000f6c0 f i libucrtd:exit.obj
 0001:0000e6d0       ?__crt_interlocked_read_32@@YAHPEDH@Z 000000014000f6d0 f i libucrtd:exit.obj
 0001:0000e710       ?close@?$__crt_unique_handle_t@U__crt_hmodule_traits@@@@QEAAXXZ 000000014000f710 f i libucrtd:exit.obj
 0001:0000e750       ?close@__crt_hmodule_traits@@SA_NPEAUHINSTANCE__@@@Z 000000014000f750 f i libucrtd:exit.obj
 0001:0000ea40       __acrt_initialize_thread_local_exit_callback 000000014000fa40 f   libucrtd:exit.obj
 0001:0000ea60       _c_exit                    000000014000fa60 f   libucrtd:exit.obj
 0001:0000ea80       _cexit                     000000014000fa80 f   libucrtd:exit.obj
 0001:0000eaa0       _exit                      000000014000faa0 f   libucrtd:exit.obj
 0001:0000eac0       _register_thread_local_exe_atexit_callback 000000014000fac0 f   libucrtd:exit.obj
 0001:0000eb10       exit                       000000014000fb10 f   libucrtd:exit.obj
 0001:0000eb30       ?value@?$dual_state_global@J@__crt_state_management@@QEAAAEAJXZ 000000014000fb30 f i libucrtd:new_mode.obj
 0001:0000eb30       ?value@?$dual_state_global@H@__crt_state_management@@QEAAAEAHXZ 000000014000fb30 f i libucrtd:setmode.obj
 0001:0000eb50       _set_fmode                 000000014000fb50 f   libucrtd:setmode.obj
 0001:0000edb0       __acrt_disable_global_locale_sync 000000014000fdb0 f i libucrtd:wsetlocale.obj
 0001:0000ede0       __acrt_enable_global_locale_sync 000000014000fde0 f i libucrtd:wsetlocale.obj
 0001:0000ee10       __acrt_set_locale_changed  000000014000fe10 f   libucrtd:wsetlocale.obj
 0001:0000ee20       __acrt_uninitialize_locale 000000014000fe20 f   libucrtd:wsetlocale.obj
 0001:0000ee50       __ascii_tolower            000000014000fe50 f i libucrtd:wsetlocale.obj
 0001:0000ee70       __ascii_towlower           000000014000fe70 f i libucrtd:wsetlocale.obj
 0001:0000ee90       _configthreadlocale        000000014000fe90 f   libucrtd:wsetlocale.obj
 0001:0000eff0       _query_new_mode            000000014000fff0 f   libucrtd:new_mode.obj
 0001:0000f010       _set_new_mode              0000000140010010 f   libucrtd:new_mode.obj
 0001:0000f0e0       __p__commode               00000001400100e0 f   libucrtd:ncommode.obj
 0001:0000f7c0       _crt_atexit                00000001400107c0 f   libucrtd:onexit.obj
 0001:0000f7e0       _execute_onexit_table      00000001400107e0 f   libucrtd:onexit.obj
 0001:0000f820       _initialize_onexit_table   0000000140010820 f   libucrtd:onexit.obj
 0001:0000f8a0       _register_onexit_function  00000001400108a0 f   libucrtd:onexit.obj
 0001:0000f940       __acrt_uninitialize_command_line 0000000140010940 f   libucrtd:argv_data.obj
 0001:0000fbb0       __acrt_initialize          0000000140010bb0 f   libucrtd:initialization.obj
 0001:0000fbe0       __acrt_uninitialize        0000000140010be0 f   libucrtd:initialization.obj
 0001:0000fc10       terminate                  0000000140010c10 f   libucrtd:terminate.obj
 0001:0000fc60       ??0_LocaleUpdate@@QEAA@QEAU__crt_locale_pointers@@@Z 0000000140010c60 f i libucrtd:debug_heap.obj
 0001:0000fd80       ??1_LocaleUpdate@@QEAA@XZ  0000000140010d80 f i libucrtd:debug_heap.obj
 0001:0000fdb0       ?GetLocaleT@_LocaleUpdate@@QEAAPEAU__crt_locale_pointers@@XZ 0000000140010db0 f i libucrtd:debug_heap.obj
 0001:00012160       _CrtCheckMemory            0000000140013160 f   libucrtd:debug_heap.obj
 0001:000122f0       _CrtDumpMemoryLeaks        00000001400132f0 f   libucrtd:debug_heap.obj
 0001:000123b0       _CrtIsValidHeapPointer     00000001400133b0 f   libucrtd:debug_heap.obj
 0001:00012400       _CrtIsValidPointer         0000000140013400 f   libucrtd:debug_heap.obj
 0001:00012440       _CrtMemCheckpoint          0000000140013440 f   libucrtd:debug_heap.obj
 0001:000126c0       _CrtMemDumpAllObjectsSince 00000001400136c0 f   libucrtd:debug_heap.obj
 0001:00012720       _CrtSetDbgFlag             0000000140013720 f   libucrtd:debug_heap.obj
 0001:00012880       _CrtSetDumpClient          0000000140013880 f   libucrtd:debug_heap.obj
 0001:000128b0       __acrt_get_locale_data_prefix 00000001400138b0 f i libucrtd:debug_heap.obj
 0001:000128d0       __acrt_locale_changed      00000001400138d0 f i libucrtd:debug_heap.obj
 0001:00012900       _calloc_dbg                0000000140013900 f   libucrtd:debug_heap.obj
 0001:000129a0       _chvalidchk_l              00000001400139a0 f i libucrtd:debug_heap.obj
 0001:000129d0       _free_dbg                  00000001400139d0 f   libucrtd:debug_heap.obj
 0001:00012a40       _invoke_watson_if_oneof    0000000140013a40 f i libucrtd:debug_heap.obj
 0001:00012aa0       _ischartype_l              0000000140013aa0 f i libucrtd:debug_heap.obj
 0001:00012b30       _malloc_dbg                0000000140013b30 f   libucrtd:debug_heap.obj
 0001:00012b70       _msize_dbg                 0000000140013b70 f   libucrtd:debug_heap.obj
 0001:00012d10       _realloc_dbg               0000000140013d10 f   libucrtd:debug_heap.obj
 0001:00012d80       _recalloc_dbg              0000000140013d80 f   libucrtd:debug_heap.obj
 0001:00013c30       ??$get_module_file_name@AEAPEAUHINSTANCE__@@AEAY0BAF@_WK@?$__crt_char_traits@_W@@SAKAEAPEAUHINSTANCE__@@AEAY0BAF@_W$$QEAK@Z 0000000140014c30 f i libucrtd:dbgrpt.obj
 0001:00013c70       ??$tcscpy_s@AEAY0BAF@D_KPEBD@?$__crt_char_traits@D@@SAHAEAY0BAF@D$$QEA_K$$QEAPEBD@Z 0000000140014c70 f i libucrtd:dbgrpt.obj
 0001:00013cb0       ??$tcscpy_s@AEAY0BAF@_W_KPEB_W@?$__crt_char_traits@_W@@SAHAEAY0BAF@_W$$QEA_K$$QEAPEB_W@Z 0000000140014cb0 f i libucrtd:dbgrpt.obj
 0001:00013cf0       ??$tcslen@AEAY0BAF@D@?$__crt_char_traits@D@@SA_KAEAY0BAF@D@Z 0000000140014cf0 f i libucrtd:dbgrpt.obj
 0001:00013d10       ??$tcslen@AEAY0BAF@_W@?$__crt_char_traits@_W@@SA_KAEAY0BAF@_W@Z 0000000140014d10 f i libucrtd:dbgrpt.obj
 0001:00013d30       ??$tcslen@AEBQEB_W@?$__crt_char_traits@_W@@SA_KAEBQEB_W@Z 0000000140014d30 f i libucrtd:dbgrpt.obj
 0001:00013d90       _CrtDbgReport              0000000140014d90 f   libucrtd:dbgrpt.obj
 0001:00013e10       _CrtDbgReportW             0000000140014e10 f   libucrtd:dbgrpt.obj
 0001:00013e90       __acrt_MessageWindowA      0000000140014e90 f   libucrtd:dbgrpt.obj
 0001:00013ee0       __acrt_MessageWindowW      0000000140014ee0 f   libucrtd:dbgrpt.obj
 0001:00013f30       _snwprintf_s               0000000140014f30 f i libucrtd:dbgrpt.obj
 0001:00013fa0       _vsnwprintf_s_l            0000000140014fa0 f i libucrtd:dbgrpt.obj
 0001:00014020       free                       0000000140015020 f   libucrtd:free.obj
 0001:00014530       strcpy_s                   0000000140015530 f   libucrtd:strcpy_s.obj
 0001:00014570       strlen                     0000000140015570 f   libucrtd:strlen.obj
 0001:00014630       strcmp                     0000000140015630 f   libucrtd:strcmp.obj
 0001:000146a0       abort                      00000001400156a0 f   libucrtd:abort.obj
 0001:00014720       ??$initialize_from_array@$$BY00Q6AXPEB_W00I_K@Z@?$dual_state_global@P6AXPEB_W00I_K@Z@__crt_state_management@@QEAAXAEAY00Q6AXPEB_W00I_K@Z@Z 0000000140015720 f i libucrtd:invalid_parameter.obj
 0001:00014780       ??0?$cached@H@__crt_cached_ptd_host@@QEAA@XZ 0000000140015780 f i libucrtd:invalid_parameter.obj
 0001:00014780       ??0?$cached@K@__crt_cached_ptd_host@@QEAA@XZ 0000000140015780 f i libucrtd:invalid_parameter.obj
 0001:000147a0       ??0__crt_cached_ptd_host@@QEAA@QEAU__crt_locale_pointers@@@Z 00000001400157a0 f i libucrtd:invalid_parameter.obj
 0001:00014860       ??0__crt_scoped_get_last_error_reset@@QEAA@XZ 0000000140015860 f i libucrtd:invalid_parameter.obj
 0001:00014880       ??1__crt_cached_ptd_host@@QEAA@XZ 0000000140015880 f i libucrtd:invalid_parameter.obj
 0001:00014930       ??1__crt_scoped_get_last_error_reset@@QEAA@XZ 0000000140015930 f i libucrtd:invalid_parameter.obj
 0001:00014950       ?check_synchronize_global_state_index@__crt_cached_ptd_host@@AEAA_KAEBV__crt_scoped_get_last_error_reset@@@Z 0000000140015950 f i libucrtd:invalid_parameter.obj
 0001:00014990       ?check_synchronize_global_state_index@__crt_cached_ptd_host@@AEAA_KXZ 0000000140015990 f i libucrtd:invalid_parameter.obj
 0001:000149f0       ?check_synchronize_per_thread_data@__crt_cached_ptd_host@@AEAAPEAU__acrt_ptd@@XZ 00000001400159f0 f i libucrtd:invalid_parameter.obj
 0001:00014a30       ?force_synchronize_global_state_index@__crt_cached_ptd_host@@AEAA_KAEBV__crt_scoped_get_last_error_reset@@@Z 0000000140015a30 f i libucrtd:invalid_parameter.obj
 0001:00014a70       ?force_synchronize_per_thread_data@__crt_cached_ptd_host@@AEAAPEAU__acrt_ptd@@XZ 0000000140015a70 f i libucrtd:invalid_parameter.obj
 0001:00014ad0       ?get_current_global_state_index@__crt_cached_ptd_host@@QEAA_KXZ 0000000140015ad0 f i libucrtd:invalid_parameter.obj
 0001:00014af0       ?get_raw_ptd@__crt_cached_ptd_host@@QEAAPEAU__acrt_ptd@@XZ 0000000140015af0 f i libucrtd:invalid_parameter.obj
 0001:00014b10       ?get_raw_ptd_noexit@__crt_cached_ptd_host@@QEAAPEAU__acrt_ptd@@XZ 0000000140015b10 f i libucrtd:invalid_parameter.obj
 0001:00014b30       ?try_synchronize_per_thread_data@__crt_cached_ptd_host@@AEAAPEAU__acrt_ptd@@XZ 0000000140015b30 f i libucrtd:invalid_parameter.obj
 0001:00014b60       ?unsafe_value@?$cached@H@__crt_cached_ptd_host@@QEAAHXZ 0000000140015b60 f i libucrtd:invalid_parameter.obj
 0001:00014b60       ?unsafe_value@?$cached@K@__crt_cached_ptd_host@@QEAAKXZ 0000000140015b60 f i libucrtd:invalid_parameter.obj
 0001:00014b70       ?valid@?$cached@H@__crt_cached_ptd_host@@QEBA_NXZ 0000000140015b70 f i libucrtd:invalid_parameter.obj
 0001:00014b70       ?valid@?$cached@K@__crt_cached_ptd_host@@QEBA_NXZ 0000000140015b70 f i libucrtd:invalid_parameter.obj
 0001:00014b80       ?value@?$dual_state_global@P6AXPEB_W00I_K@Z@__crt_state_management@@QEAAAEAP6AXPEB_W00I_K@ZAEAV__crt_cached_ptd_host@@@Z 0000000140015b80 f i libucrtd:invalid_parameter.obj
 0001:00014bb0       __acrt_call_reportfault    0000000140015bb0 f   libucrtd:invalid_parameter.obj
 0001:00014ce0       __acrt_initialize_invalid_parameter_handler 0000000140015ce0 f   libucrtd:invalid_parameter.obj
 0001:00014d10       _invalid_parameter         0000000140015d10 f   libucrtd:invalid_parameter.obj
 0001:00014d80       _invalid_parameter_internal 0000000140015d80 f   libucrtd:invalid_parameter.obj
 0001:00014ed0       _invalid_parameter_noinfo  0000000140015ed0 f   libucrtd:invalid_parameter.obj
 0001:00014f00       _invoke_watson             0000000140015f00 f   libucrtd:invalid_parameter.obj
 0001:00014f60       ??$?0AEBV?$string_output_adapter@D@__crt_stdio_output@@AEB_KAEBQEBDAEAV__crt_cached_ptd_host@@AEBQEAD@?$format_validation_base@DV?$string_output_adapter@D@__crt_stdio_output@@@__crt_stdio_output@@IEAA@AEBV?$string_output_adapter@D@1@AEB_KAEBQEBDAEAV__crt_cached_ptd_host@@AEBQEAD@Z 0000000140015f60 f i libucrtd:output.obj
 0001:00014fb0       ??$?0AEBV?$string_output_adapter@D@__crt_stdio_output@@AEB_KAEBQEBDAEAV__crt_cached_ptd_host@@AEBQEAD@?$standard_base@DV?$string_output_adapter@D@__crt_stdio_output@@@__crt_stdio_output@@IEAA@AEBV?$string_output_adapter@D@1@AEB_KAEBQEBDAEAV__crt_cached_ptd_host@@AEBQEAD@Z 0000000140015fb0 f i libucrtd:output.obj
 0001:00015020       ??$?0AEBV?$string_output_adapter@_W@__crt_stdio_output@@AEB_KAEBQEB_WAEAV__crt_cached_ptd_host@@AEBQEAD@?$format_validation_base@_WV?$string_output_adapter@_W@__crt_stdio_output@@@__crt_stdio_output@@IEAA@AEBV?$string_output_adapter@_W@1@AEB_KAEBQEB_WAEAV__crt_cached_ptd_host@@AEBQEAD@Z 0000000140016020 f i libucrtd:output.obj
 0001:00015070       ??$?0AEBV?$string_output_adapter@_W@__crt_stdio_output@@AEB_KAEBQEB_WAEAV__crt_cached_ptd_host@@AEBQEAD@?$standard_base@_WV?$string_output_adapter@_W@__crt_stdio_output@@@__crt_stdio_output@@IEAA@AEBV?$string_output_adapter@_W@1@AEB_KAEBQEB_WAEAV__crt_cached_ptd_host@@AEBQEAD@Z 0000000140016070 f i libucrtd:output.obj
 0001:000150e0       ??$_tcstol_internal@DPEAPEAD$0A@@@YAJAEAV__crt_cached_ptd_host@@QEBDQEAPEADH@Z 00000001400160e0 f i libucrtd:output.obj
 0001:00015130       ??$_tcstol_internal@_WPEAPEA_W$0A@@@YAJAEAV__crt_cached_ptd_host@@QEB_WQEAPEA_WH@Z 0000000140016130 f i libucrtd:output.obj
 0001:00016d00       ??$count@D@formatting_buffer@__crt_stdio_output@@QEBA_KXZ 0000000140017d00 f i libucrtd:output.obj
 0001:00016d50       ??$count@_W@formatting_buffer@__crt_stdio_output@@QEBA_KXZ 0000000140017d50 f i libucrtd:output.obj
 0001:00016da0       ??$data@D@formatting_buffer@__crt_stdio_output@@QEAAPEADXZ 0000000140017da0 f i libucrtd:output.obj
 0001:00016da0       ??$data@_W@formatting_buffer@__crt_stdio_output@@QEAAPEA_WXZ 0000000140017da0 f i libucrtd:output.obj
 0001:00016df0       ??$ensure_buffer_is_big_enough@D@formatting_buffer@__crt_stdio_output@@QEAA_N_KAEAV__crt_cached_ptd_host@@@Z 0000000140017df0 f i libucrtd:output.obj
 0001:00016f30       ??$ensure_buffer_is_big_enough@_W@formatting_buffer@__crt_stdio_output@@QEAA_N_KAEAV__crt_cached_ptd_host@@@Z 0000000140017f30 f i libucrtd:output.obj
 0001:00017070       ??$extract_argument_from_va_list@C_J@?$standard_base@DV?$string_output_adapter@D@__crt_stdio_output@@@__crt_stdio_output@@IEAA_NAEA_J@Z 0000000140018070 f i libucrtd:output.obj
 0001:00017070       ??$extract_argument_from_va_list@C_J@?$standard_base@_WV?$string_output_adapter@_W@__crt_stdio_output@@@__crt_stdio_output@@IEAA_NAEA_J@Z 0000000140018070 f i libucrtd:output.obj
 0001:000170b0       ??$extract_argument_from_va_list@E_J@?$standard_base@_WV?$string_output_adapter@_W@__crt_stdio_output@@@__crt_stdio_output@@IEAA_NAEA_J@Z 00000001400180b0 f i libucrtd:output.obj
 0001:000170b0       ??$extract_argument_from_va_list@E_J@?$standard_base@DV?$string_output_adapter@D@__crt_stdio_output@@@__crt_stdio_output@@IEAA_NAEA_J@Z 00000001400180b0 f i libucrtd:output.obj
 0001:000170f0       ??$extract_argument_from_va_list@F_J@?$standard_base@DV?$string_output_adapter@D@__crt_stdio_output@@@__crt_stdio_output@@IEAA_NAEA_J@Z 00000001400180f0 f i libucrtd:output.obj
 0001:000170f0       ??$extract_argument_from_va_list@F_J@?$standard_base@_WV?$string_output_adapter@_W@__crt_stdio_output@@@__crt_stdio_output@@IEAA_NAEA_J@Z 00000001400180f0 f i libucrtd:output.obj
 0001:00017130       ??$extract_argument_from_va_list@GD@?$standard_base@DV?$string_output_adapter@D@__crt_stdio_output@@@__crt_stdio_output@@IEAA_NAEAD@Z 0000000140018130 f i libucrtd:output.obj
 0001:00017160       ??$extract_argument_from_va_list@G_J@?$standard_base@DV?$string_output_adapter@D@__crt_stdio_output@@@__crt_stdio_output@@IEAA_NAEA_J@Z 0000000140018160 f i libucrtd:output.obj
 0001:00017160       ??$extract_argument_from_va_list@G_J@?$standard_base@_WV?$string_output_adapter@_W@__crt_stdio_output@@@__crt_stdio_output@@IEAA_NAEA_J@Z 0000000140018160 f i libucrtd:output.obj
 0001:000171a0       ??$extract_argument_from_va_list@H_J@?$standard_base@_WV?$string_output_adapter@_W@__crt_stdio_output@@@__crt_stdio_output@@IEAA_NAEA_J@Z 00000001400181a0 f i libucrtd:output.obj
 0001:000171a0       ??$extract_argument_from_va_list@H_J@?$standard_base@DV?$string_output_adapter@D@__crt_stdio_output@@@__crt_stdio_output@@IEAA_NAEA_J@Z 00000001400181a0 f i libucrtd:output.obj
 0001:000171d0       ??$extract_argument_from_va_list@I_J@?$standard_base@DV?$string_output_adapter@D@__crt_stdio_output@@@__crt_stdio_output@@IEAA_NAEA_J@Z 00000001400181d0 f i libucrtd:output.obj
 0001:000171d0       ??$extract_argument_from_va_list@I_J@?$standard_base@_WV?$string_output_adapter@_W@__crt_stdio_output@@@__crt_stdio_output@@IEAA_NAEA_J@Z 00000001400181d0 f i libucrtd:output.obj
 0001:00017200       ??$extract_argument_from_va_list@PEAUansi_string@?1??type_case_Z@?$output_processor@DV?$string_output_adapter@D@__crt_stdio_output@@V?$format_validation_base@DV?$string_output_adapter@D@__crt_stdio_output@@@2@@__crt_stdio_output@@AEAA_NXZ@PEAU1?1??234@AEAA_NXZ@@?$standard_base@DV?$string_output_adapter@D@__crt_stdio_output@@@__crt_stdio_output@@IEAA_NAEAPEAUansi_string@?1??type_case_Z@?$output_processor@DV?$string_output_adapter@D@__crt_stdio_output@@V?$format_validation_base@DV?$string_output_adapter@D@__crt_stdio_output@@@2@@1@AEAA_NXZ@@Z 0000000140018200 f i libucrtd:output.obj
 0001:00017200       ??$extract_argument_from_va_list@PEAXPEAX@?$standard_base@_WV?$string_output_adapter@_W@__crt_stdio_output@@@__crt_stdio_output@@IEAA_NAEAPEAX@Z 0000000140018200 f i libucrtd:output.obj
 0001:00017200       ??$extract_argument_from_va_list@_J_J@?$standard_base@DV?$string_output_adapter@D@__crt_stdio_output@@@__crt_stdio_output@@IEAA_NAEA_J@Z 0000000140018200 f i libucrtd:output.obj
 0001:00017200       ??$extract_argument_from_va_list@PEAUansi_string@?1??type_case_Z@?$output_processor@_WV?$string_output_adapter@_W@__crt_stdio_output@@V?$format_validation_base@_WV?$string_output_adapter@_W@__crt_stdio_output@@@2@@__crt_stdio_output@@AEAA_NXZ@PEAU1?1??234@AEAA_NXZ@@?$standard_base@_WV?$string_output_adapter@_W@__crt_stdio_output@@@__crt_stdio_output@@IEAA_NAEAPEAUansi_string@?1??type_case_Z@?$output_processor@_WV?$string_output_adapter@_W@__crt_stdio_output@@V?$format_validation_base@_WV?$string_output_adapter@_W@__crt_stdio_output@@@2@@1@AEAA_NXZ@@Z 0000000140018200 f i libucrtd:output.obj
 0001:00017200       ??$extract_argument_from_va_list@_J_J@?$standard_base@_WV?$string_output_adapter@_W@__crt_stdio_output@@@__crt_stdio_output@@IEAA_NAEA_J@Z 0000000140018200 f i libucrtd:output.obj
 0001:00017200       ??$extract_argument_from_va_list@PEAXPEAX@?$standard_base@DV?$string_output_adapter@D@__crt_stdio_output@@@__crt_stdio_output@@IEAA_NAEAPEAX@Z 0000000140018200 f i libucrtd:output.obj
 0001:00017200       ??$extract_argument_from_va_list@PEADPEAD@?$standard_base@_WV?$string_output_adapter@_W@__crt_stdio_output@@@__crt_stdio_output@@IEAA_NAEAPEAD@Z 0000000140018200 f i libucrtd:output.obj
 0001:00017200       ??$extract_argument_from_va_list@_K_J@?$standard_base@_WV?$string_output_adapter@_W@__crt_stdio_output@@@__crt_stdio_output@@IEAA_NAEA_J@Z 0000000140018200 f i libucrtd:output.obj
 0001:00017200       ??$extract_argument_from_va_list@PEADPEAD@?$standard_base@DV?$string_output_adapter@D@__crt_stdio_output@@@__crt_stdio_output@@IEAA_NAEAPEAD@Z 0000000140018200 f i libucrtd:output.obj
 0001:00017200       ??$extract_argument_from_va_list@_K_J@?$standard_base@DV?$string_output_adapter@D@__crt_stdio_output@@@__crt_stdio_output@@IEAA_NAEA_J@Z 0000000140018200 f i libucrtd:output.obj
 0001:00017230       ??$extract_argument_from_va_list@U_CRT_DOUBLE@@U1@@?$standard_base@_WV?$string_output_adapter@_W@__crt_stdio_output@@@__crt_stdio_output@@IEAA_NAEAU_CRT_DOUBLE@@@Z 0000000140018230 f i libucrtd:output.obj
 0001:00017230       ??$extract_argument_from_va_list@U_CRT_DOUBLE@@U1@@?$standard_base@DV?$string_output_adapter@D@__crt_stdio_output@@@__crt_stdio_output@@IEAA_NAEAU_CRT_DOUBLE@@@Z 0000000140018230 f i libucrtd:output.obj
 0001:00017280       ??$extract_argument_from_va_list@_W_W@?$standard_base@DV?$string_output_adapter@D@__crt_stdio_output@@@__crt_stdio_output@@IEAA_NAEA_W@Z 0000000140018280 f i libucrtd:output.obj
 0001:00017280       ??$extract_argument_from_va_list@_W_W@?$standard_base@_WV?$string_output_adapter@_W@__crt_stdio_output@@@__crt_stdio_output@@IEAA_NAEA_W@Z 0000000140018280 f i libucrtd:output.obj
 0001:000172b0       ??$is_overflow_condition@K@__crt_strtox@@YA_NIK@Z 00000001400182b0 f i libucrtd:output.obj
 0001:00017320       ??$is_wide_character_specifier@D@__crt_stdio_output@@YA_N_KDW4length_modifier@0@@Z 0000000140018320 f i libucrtd:output.obj
 0001:000173c0       ??$is_wide_character_specifier@_W@__crt_stdio_output@@YA_N_K_WW4length_modifier@0@@Z 00000001400183c0 f i libucrtd:output.obj
 0001:00017490       ??$make_c_string_character_source@_WPEAPEA_W@__crt_strtox@@YA?AV?$c_string_character_source@_W@0@QEB_WQEAPEA_W@Z 0000000140018490 f i libucrtd:output.obj
 0001:00017490       ??$make_c_string_character_source@DPEAPEAD@__crt_strtox@@YA?AV?$c_string_character_source@D@0@QEBDQEAPEAD@Z 0000000140018490 f i libucrtd:output.obj
 0001:000174d0       ??$parse_integer@KV?$c_string_character_source@D@__crt_strtox@@$0A@@__crt_strtox@@YAKAEAV__crt_cached_ptd_host@@V?$c_string_character_source@D@0@H_N@Z 00000001400184d0 f i libucrtd:output.obj
 0001:00017950       ??$parse_integer@KV?$c_string_character_source@_W@__crt_strtox@@$0A@@__crt_strtox@@YAKAEAV__crt_cached_ptd_host@@V?$c_string_character_source@_W@0@H_N@Z 0000000140018950 f i libucrtd:output.obj
 0001:00017dd0       ??$read_va_arg@E@__crt_stdio_output@@YAEAEAPEAD@Z 0000000140018dd0 f i libucrtd:output.obj
 0001:00017dd0       ??$read_va_arg@C@__crt_stdio_output@@YACAEAPEAD@Z 0000000140018dd0 f i libucrtd:output.obj
 0001:00017e40       ??$read_va_arg@_W@__crt_stdio_output@@YA_WAEAPEAD@Z 0000000140018e40 f i libucrtd:output.obj
 0001:00017e40       ??$read_va_arg@G@__crt_stdio_output@@YAGAEAPEAD@Z 0000000140018e40 f i libucrtd:output.obj
 0001:00017e40       ??$read_va_arg@F@__crt_stdio_output@@YAFAEAPEAD@Z 0000000140018e40 f i libucrtd:output.obj
 0001:00017eb0       ??$read_va_arg@I@__crt_stdio_output@@YAIAEAPEAD@Z 0000000140018eb0 f i libucrtd:output.obj
 0001:00017eb0       ??$read_va_arg@H@__crt_stdio_output@@YAHAEAPEAD@Z 0000000140018eb0 f i libucrtd:output.obj
 0001:00017f10       ??$read_va_arg@U_CRT_DOUBLE@@@__crt_stdio_output@@YA?AU_CRT_DOUBLE@@AEAPEAD@Z 0000000140018f10 f i libucrtd:output.obj
 0001:00017f10       ??$read_va_arg@PEAUansi_string@?1??type_case_Z@?$output_processor@_WV?$string_output_adapter@_W@__crt_stdio_output@@V?$format_validation_base@_WV?$string_output_adapter@_W@__crt_stdio_output@@@2@@__crt_stdio_output@@AEAA_NXZ@@__crt_stdio_output@@YAPEAUansi_string@?1??type_case_Z@?$output_processor@_WV?$string_output_adapter@_W@__crt_stdio_output@@V?$format_validation_base@_WV?$string_output_adapter@_W@__crt_stdio_output@@@2@@0@AEAA_NXZ@AEAPEAD@Z 0000000140018f10 f i libucrtd:output.obj
 0001:00017f10       ??$read_va_arg@PEAUansi_string@?1??type_case_Z@?$output_processor@DV?$string_output_adapter@D@__crt_stdio_output@@V?$format_validation_base@DV?$string_output_adapter@D@__crt_stdio_output@@@2@@__crt_stdio_output@@AEAA_NXZ@@__crt_stdio_output@@YAPEAUansi_string@?1??type_case_Z@?$output_processor@DV?$string_output_adapter@D@__crt_stdio_output@@V?$format_validation_base@DV?$string_output_adapter@D@__crt_stdio_output@@@2@@0@AEAA_NXZ@AEAPEAD@Z 0000000140018f10 f i libucrtd:output.obj
 0001:00017f10       ??$read_va_arg@PEAD@__crt_stdio_output@@YAPEADAEAPEAD@Z 0000000140018f10 f i libucrtd:output.obj
 0001:00017f10       ??$read_va_arg@_J@__crt_stdio_output@@YA_JAEAPEAD@Z 0000000140018f10 f i libucrtd:output.obj
 0001:00017f10       ??$read_va_arg@_K@__crt_stdio_output@@YA_KAEAPEAD@Z 0000000140018f10 f i libucrtd:output.obj
 0001:00017f10       ??$read_va_arg@PEAX@__crt_stdio_output@@YAPEAXAEAPEAD@Z 0000000140018f10 f i libucrtd:output.obj
 0001:00017f80       ??$scratch_count@D@formatting_buffer@__crt_stdio_output@@QEBA_KXZ 0000000140018f80 f i libucrtd:output.obj
 0001:00017fa0       ??$scratch_data@D@formatting_buffer@__crt_stdio_output@@QEAAPEADXZ 0000000140018fa0 f i libucrtd:output.obj
 0001:00018010       ??$type_case_integer@$07@?$output_processor@DV?$string_output_adapter@D@__crt_stdio_output@@V?$format_validation_base@DV?$string_output_adapter@D@__crt_stdio_output@@@2@@__crt_stdio_output@@AEAA_N_N@Z 0000000140019010 f i libucrtd:output.obj
 0001:00018490       ??$type_case_integer@$07@?$output_processor@_WV?$string_output_adapter@_W@__crt_stdio_output@@V?$format_validation_base@_WV?$string_output_adapter@_W@__crt_stdio_output@@@2@@__crt_stdio_output@@AEAA_N_N@Z 0000000140019490 f i libucrtd:output.obj
 0001:00018910       ??$type_case_integer@$09@?$output_processor@DV?$string_output_adapter@D@__crt_stdio_output@@V?$format_validation_base@DV?$string_output_adapter@D@__crt_stdio_output@@@2@@__crt_stdio_output@@AEAA_N_N@Z 0000000140019910 f i libucrtd:output.obj
 0001:00018d90       ??$type_case_integer@$09@?$output_processor@_WV?$string_output_adapter@_W@__crt_stdio_output@@V?$format_validation_base@_WV?$string_output_adapter@_W@__crt_stdio_output@@@2@@__crt_stdio_output@@AEAA_N_N@Z 0000000140019d90 f i libucrtd:output.obj
 0001:00019210       ??$type_case_integer@$0BA@@?$output_processor@DV?$string_output_adapter@D@__crt_stdio_output@@V?$format_validation_base@DV?$string_output_adapter@D@__crt_stdio_output@@@2@@__crt_stdio_output@@AEAA_N_N@Z 000000014001a210 f i libucrtd:output.obj
 0001:00019690       ??$type_case_integer@$0BA@@?$output_processor@_WV?$string_output_adapter@_W@__crt_stdio_output@@V?$format_validation_base@_WV?$string_output_adapter@_W@__crt_stdio_output@@@2@@__crt_stdio_output@@AEAA_N_N@Z 000000014001a690 f i libucrtd:output.obj
 0001:00019b10       ??$type_case_integer_parse_into_buffer@I$07@?$output_processor@DV?$string_output_adapter@D@__crt_stdio_output@@V?$format_validation_base@DV?$string_output_adapter@D@__crt_stdio_output@@@2@@__crt_stdio_output@@AEAAXI_N@Z 000000014001ab10 f i libucrtd:output.obj
 0001:00019c40       ??$type_case_integer_parse_into_buffer@I$07@?$output_processor@_WV?$string_output_adapter@_W@__crt_stdio_output@@V?$format_validation_base@_WV?$string_output_adapter@_W@__crt_stdio_output@@@2@@__crt_stdio_output@@AEAAXI_N@Z 000000014001ac40 f i libucrtd:output.obj
[...]
 0002:00013178       $ip2state$??$__acrt_lock_and_call@V<lambda_44731a7d0e6d81c3e6aa82d741081786>@@@@YAP6AXH@ZW4__acrt_lock_id@@$$QEAV<lambda_44731a7d0e6d81c3e6aa82d741081786>@@@Z 0000000140056178     libucrtd:signal.obj
 0002:00013180       $unwind$??$?RV<lambda_450d765d439847d4c735a33c368b5fc0>@@AEAV<lambda_44731a7d0e6d81c3e6aa82d741081786>@@V<lambda_601a2a7da3b7a96e9554ac7215c4b07c>@@@?$__crt_seh_guarded_call@P6AXH@Z@@QEAAP6AXH@Z$$QEAV<lambda_450d765d439847d4c735a33c368b5fc0>@@AEAV<lambda_44731a7d0e6d81c3e6aa82d741081786>@@$$QEAV<lambda_601a2a7da3b7a96e9554ac7215c4b07c>@@@Z 0000000140056180     libucrtd:signal.obj
 0002:000131a0       $unwind$_VCrtDbgReportA    00000001400561a0     libucrtd:dbgrptt.obj
 0002:000131d8       $unwind$_VCrtDbgReportW    00000001400561d8     libucrtd:dbgrptt.obj
 0002:00013210       $unwind$__acrt_fp_format   0000000140056210     libucrtd:cvt.obj
 0002:00013218       $unwind$?fp_format_nan_or_infinity@@YAHW4__acrt_fp_class@@_NPEAD_K1@Z 0000000140056218     libucrtd:cvt.obj
 0002:00013220       $unwind$?fe_to_nearest@@YA_NQEBN_KF@Z 0000000140056220     libucrtd:cvt.obj
 0002:00013228       $unwind$?should_round_up@@YA_NQEBN_KFW4__acrt_rounding_mode@@@Z 0000000140056228     libucrtd:cvt.obj
 0002:00013230       $unwind$?fp_format_f@@YAHQEBNQEAD_K12HW4__acrt_rounding_mode@@AEAV__crt_cached_ptd_host@@@Z 0000000140056230     libucrtd:cvt.obj
 0002:00013238       $unwind$?fp_format_g@@YAHQEBNQEAD_K12H_NIW4__acrt_rounding_mode@@AEAV__crt_cached_ptd_host@@@Z 0000000140056238     libucrtd:cvt.obj
 0002:00013238       $unwind$?__mbsrtowcs_utf8@__crt_mbstring@@YA_KPEA_WPEAPEBD_KPEAU_Mbstatet@@AEAV__crt_cached_ptd_host@@@Z 0000000140056238     libucrtd:mbrtowc.obj
 0002:00013244       $unwind$_wctomb_internal   0000000140056244     libucrtd:wctomb.obj
 0002:00013250       $unwind$_mbtowc_internal   0000000140056250     libucrtd:mbtowc.obj
 0002:00013258       $xdatasym                  0000000140056258     libucrtd:fpsr.obj
 0002:00013260       $unwind$__acrt_OutputDebugStringA 0000000140056260     libucrtd:outputdebugstringa.obj
 0002:00013274       $unwind$qsort              0000000140056274     libucrtd:qsort.obj
 0002:00013284       $unwind$?shortsort@@YAXPEAD0_KP6AHPEBX2@Z@Z 0000000140056284     libucrtd:qsort.obj
 0002:00013294       $stateUnwindMap$?shortsort@@YAXPEAD0_KP6AHPEBX2@Z@Z 0000000140056294     libucrtd:qsort.obj
 0002:000132a0       $ip2state$?shortsort@@YAXPEAD0_KP6AHPEBX2@Z@Z 00000001400562a0     libucrtd:qsort.obj
 0002:000132b8       $unwind$strpbrk            00000001400562b8     libucrtd:strpbrk.obj
 0002:000132c0       $unwind$fallbackMethod     00000001400562c0     libucrtd:strpbrk.obj
 0002:000132d0       $unwind$_mbsdec_l          00000001400562d0     libucrtd:mbsdec.obj
 0002:000132d8       $unwind$?__acrt_LCMapStringA_stat@@YAHPEAU__crt_locale_pointers@@PEB_WKPEBDHPEADHHH@Z 00000001400562d8     libucrtd:lcmapstringa.obj
 0002:000132e0       $unwind$??$common_xtox@KD@@YAHKQEAD_KI_N@Z 00000001400562e0     libucrtd:xtoa.obj
 0002:000132e0       $unwind$??$common_xtox@K_W@@YAHKQEA_W_KI_N@Z 00000001400562e0     libucrtd:xtoa.obj
 0002:000132e8       $unwind$?common_flush_all@@YAH_N@Z 00000001400562e8     libucrtd:fflush.obj
 0002:000132f8       $ip2state$?common_flush_all@@YAH_N@Z 00000001400562f8     libucrtd:fflush.obj
 0002:00013300       $unwind$??$__acrt_lock_stream_and_call@V<lambda_c5860995281e5c4ce005b3de8f5874ee>@@@@YAXQEAU_iobuf@@$$QEAV<lambda_c5860995281e5c4ce005b3de8f5874ee>@@@Z 0000000140056300     libucrtd:fflush.obj
 0002:00013310       $ip2state$??$__acrt_lock_stream_and_call@V<lambda_c5860995281e5c4ce005b3de8f5874ee>@@@@YAXQEAU_iobuf@@$$QEAV<lambda_c5860995281e5c4ce005b3de8f5874ee>@@@Z 0000000140056310     libucrtd:fflush.obj
 0002:00013318       $unwind$??$__acrt_lock_and_call@V<lambda_ab61a845afdef5b7c387490eaf3616ee>@@@@YAXW4__acrt_lock_id@@$$QEAV<lambda_ab61a845afdef5b7c387490eaf3616ee>@@@Z 0000000140056318     libucrtd:fflush.obj
 0002:00013328       $ip2state$??$__acrt_lock_and_call@V<lambda_ab61a845afdef5b7c387490eaf3616ee>@@@@YAXW4__acrt_lock_id@@$$QEAV<lambda_ab61a845afdef5b7c387490eaf3616ee>@@@Z 0000000140056328     libucrtd:fflush.obj
 0002:00013330       $unwind$??$?RV<lambda_842d9ff0dc9ef11c61343bbaebe7f885>@@AEAV<lambda_c5860995281e5c4ce005b3de8f5874ee>@@V<lambda_d90129c13df834fdcbf8d2b88dafcf2d>@@@?$__crt_seh_guarded_call@X@@QEAAX$$QEAV<lambda_842d9ff0dc9ef11c61343bbaebe7f885>@@AEAV<lambda_c5860995281e5c4ce005b3de8f5874ee>@@$$QEAV<lambda_d90129c13df834fdcbf8d2b88dafcf2d>@@@Z 0000000140056330     libucrtd:fflush.obj
 0002:00013350       $unwind$??$?RV<lambda_886d6c58226a84441f68b9f2b8217b83>@@AEAV<lambda_ab61a845afdef5b7c387490eaf3616ee>@@V<lambda_f7f22ab5edc0698d5f6905b0d3f44752>@@@?$__crt_seh_guarded_call@X@@QEAAX$$QEAV<lambda_886d6c58226a84441f68b9f2b8217b83>@@AEAV<lambda_ab61a845afdef5b7c387490eaf3616ee>@@$$QEAV<lambda_f7f22ab5edc0698d5f6905b0d3f44752>@@@Z 0000000140056350     libucrtd:fflush.obj
 0002:00013370       $unwind$?_mbstowcs_l_helper@@YA_KPEA_WPEBD_KAEAV__crt_cached_ptd_host@@@Z 0000000140056370     libucrtd:mbstowcs.obj
 0002:00013388       $ip2state$?_mbstowcs_l_helper@@YA_KPEA_WPEBD_KAEAV__crt_cached_ptd_host@@@Z 0000000140056388     libucrtd:mbstowcs.obj
 0002:00013390       $unwind$?_wcstombs_l_helper@@YA_KPEADPEB_W_KAEAV__crt_cached_ptd_host@@@Z 0000000140056390     libucrtd:wcstombs.obj
 0002:000133a4       $unwind$__acrt_fltout      00000001400563a4     libucrtd:cfout.obj
 0002:000133ac       $unwind$?make_big_integer@__crt_strtox@@YA?AUbig_integer@1@_K@Z 00000001400563ac     libucrtd:cfout.obj
 0002:000133bc       $unwind$?make_big_integer_power_of_two@__crt_strtox@@YA?AUbig_integer@1@I@Z 00000001400563bc     libucrtd:cfout.obj
 0002:000133cc       $unwind$?shift_left@__crt_strtox@@YA_NAEAUbig_integer@1@I@Z 00000001400563cc     libucrtd:cfout.obj
 0002:000133dc       $unwind$?add_multiply_carry@__crt_strtox@@YAIAEAIIII@Z 00000001400563dc     libucrtd:cfout.obj
 0002:000133e4       $unwind$?multiply@__crt_strtox@@YA_NAEAUbig_integer@1@I@Z 00000001400563e4     libucrtd:cfout.obj
 0002:000133f4       $unwind$?multiply@__crt_strtox@@YA_NAEAUbig_integer@1@AEBU21@@Z 00000001400563f4     libucrtd:cfout.obj
 0002:00013404       $unwind$?multiply_by_power_of_ten@__crt_strtox@@YA_NAEAUbig_integer@1@I@Z 0000000140056404     libucrtd:cfout.obj
 0002:00013414       $unwind$?divide@__crt_strtox@@YA_KAEAUbig_integer@1@AEBU21@@Z 0000000140056414     libucrtd:cfout.obj
 0002:00013424       $unwind$??$convert_to_fos_high_precision@N@@YA?AW4__acrt_has_trailing_digits@@NIW4__acrt_precision_style@@QEAHQEAD_K@Z 0000000140056424     libucrtd:cfout.obj
 0002:00013434       $unwind$?__c32rtomb_utf8@__crt_mbstring@@YA_KPEAD_UPEAU_Mbstatet@@AEAV__crt_cached_ptd_host@@@Z 0000000140056434     libucrtd:c32rtomb.obj
 0002:0001343c       $unwind$_fcloseall         000000014005643c     libucrtd:closeall.obj
 0002:0001345c       $unwind$??$__acrt_lowio_lock_fh_and_call@V<lambda_3e4146214822e0ea86c47ff907aef2ff>@@@@YAHH$$QEAV<lambda_3e4146214822e0ea86c47ff907aef2ff>@@@Z 000000014005645c     libucrtd:commit.obj
 0002:00013470       $ip2state$??$__acrt_lowio_lock_fh_and_call@V<lambda_3e4146214822e0ea86c47ff907aef2ff>@@@@YAHH$$QEAV<lambda_3e4146214822e0ea86c47ff907aef2ff>@@@Z 0000000140056470     libucrtd:commit.obj
 0002:00013478       $unwind$??$?RV<lambda_7d29013d608e9f25a034de83c9b9e983>@@AEAV<lambda_3e4146214822e0ea86c47ff907aef2ff>@@V<lambda_b869e5a4e1069fcb5c3da79c0d999133>@@@?$__crt_seh_guarded_call@H@@QEAAH$$QEAV<lambda_7d29013d608e9f25a034de83c9b9e983>@@AEAV<lambda_3e4146214822e0ea86c47ff907aef2ff>@@$$QEAV<lambda_b869e5a4e1069fcb5c3da79c0d999133>@@@Z 0000000140056478     libucrtd:commit.obj
 0002:00013498       $unwind$_write_nolock      0000000140056498     libucrtd:write.obj
 0002:000134ac       $unwind$_write_internal    00000001400564ac     libucrtd:write.obj
 0002:000134cc       $unwind$?write_double_translated_ansi_nolock@@YA?AUwrite_result@?A0x17268360@@HQEBDIAEAV__crt_cached_ptd_host@@@Z 00000001400564cc     libucrtd:write.obj
 0002:000134e8       $ip2state$?write_double_translated_ansi_nolock@@YA?AUwrite_result@?A0x17268360@@HQEBDIAEAV__crt_cached_ptd_host@@@Z 00000001400564e8     libucrtd:write.obj
 0002:000134f0       $unwind$?write_double_translated_unicode_nolock@@YA?AUwrite_result@?A0x17268360@@QEBDI@Z 00000001400564f0     libucrtd:write.obj
 0002:00013504       $unwind$?write_text_ansi_nolock@@YA?AUwrite_result@?A0x17268360@@HQEBDI@Z 0000000140056504     libucrtd:write.obj
 0002:00013504       $unwind$?write_text_utf16le_nolock@@YA?AUwrite_result@?A0x17268360@@HQEBDI@Z 0000000140056504     libucrtd:write.obj
 0002:00013518       $unwind$?write_text_utf8_nolock@@YA?AUwrite_result@?A0x17268360@@HQEBDI@Z 0000000140056518     libucrtd:write.obj
 0002:0001352c       $unwind$?write_binary_nolock@@YA?AUwrite_result@?A0x17268360@@HQEBDI@Z 000000014005652c     libucrtd:write.obj
 0002:00013540       $unwind$?__wcsrtombs_utf8@__crt_mbstring@@YA_KPEADPEAPEB_W_KPEAU_Mbstatet@@AEAV__crt_cached_ptd_host@@@Z 0000000140056540     libucrtd:wcrtomb.obj
 0002:00013550       $xdatasym                  0000000140056550     libucrtd:log10.obj
 0002:0001355c       $unwind$ceil               000000014005655c     libucrtd:ceil.obj
 0002:00013564       $unwind$?return_illegal_sequence@__crt_mbstring@@YA_KPEAU_Mbstatet@@AEAV__crt_cached_ptd_host@@@Z 0000000140056564     libucrtd:common_utf8.obj
 0002:0001356c       $unwind$?reset_and_return@__crt_mbstring@@YA_K_KPEAU_Mbstatet@@@Z 000000014005656c     libucrtd:common_utf8.obj
 0002:00013574       $unwind$?__mbrtoc32_utf8@__crt_mbstring@@YA_KPEA_UPEBD_KPEAU_Mbstatet@@AEAV__crt_cached_ptd_host@@@Z 0000000140056574     libucrtd:mbrtoc32.obj
 0002:00013584       $unwind$?_fclose_internal@@YAHQEAU_iobuf@@AEAV__crt_cached_ptd_host@@@Z 0000000140056584     libucrtd:fclose.obj
 0002:000135a4       $unwind$?__c16rtomb_utf8@__crt_mbstring@@YA_KPEAD_SPEAU_Mbstatet@@AEAV__crt_cached_ptd_host@@@Z 00000001400565a4     libucrtd:c16rtomb.obj
 0002:000135ac       $unwind$_log_special_common 00000001400565ac     libucrtd:log_special.obj
 0002:000135bc       $unwind$_log10_special     00000001400565bc     libucrtd:log_special.obj
 0002:000135c4       $unwind$common_control87   00000001400565c4     libucrtd:ieee.obj
 0002:000135e4       $unwind$??$__acrt_lowio_lock_fh_and_call@V<lambda_af29824b49a67d335554598d6cad2be6>@@@@YAHH$$QEAV<lambda_af29824b49a67d335554598d6cad2be6>@@@Z 00000001400565e4     libucrtd:close.obj
 0002:000135f8       $ip2state$??$__acrt_lowio_lock_fh_and_call@V<lambda_af29824b49a67d335554598d6cad2be6>@@@@YAHH$$QEAV<lambda_af29824b49a67d335554598d6cad2be6>@@@Z 00000001400565f8     libucrtd:close.obj
 0002:00013600       $unwind$??$?RV<lambda_19eaff14c5fe7be5b1b106a862eb1091>@@AEAV<lambda_af29824b49a67d335554598d6cad2be6>@@V<lambda_3ce37f5b621ab310299ea5f68cbdf3bb>@@@?$__crt_seh_guarded_call@H@@QEAAH$$QEAV<lambda_19eaff14c5fe7be5b1b106a862eb1091>@@AEAV<lambda_af29824b49a67d335554598d6cad2be6>@@$$QEAV<lambda_3ce37f5b621ab310299ea5f68cbdf3bb>@@@Z 0000000140056600     libucrtd:close.obj
 0002:00013620       $unwind$??$console_output_reopen_and_retry@V<lambda_61c1b8a38cedca4df5fdc542e6ccae6d>@@@@YAHAEBV<lambda_61c1b8a38cedca4df5fdc542e6ccae6d>@@@Z 0000000140056620     libucrtd:initcon.obj
 0002:00013630       $ip2state$??$console_output_reopen_and_retry@V<lambda_61c1b8a38cedca4df5fdc542e6ccae6d>@@@@YAHAEBV<lambda_61c1b8a38cedca4df5fdc542e6ccae6d>@@@Z 0000000140056630     libucrtd:initcon.obj
 0002:00013638       $unwind$_IsNonwritableInCurrentImage 0000000140056638     LIBCMTD:pesect.obj
 0002:00013658       $xdatasym                  0000000140056658     LIBCMTD:chkstk.obj
 0002:00013660       $xdatasym                  0000000140056660     libvcruntimed:memcmp.obj
 0002:00013bbe       .idata$6                   0000000140056bbe     user32:USER32.dll
 0002:00013bea       .idata$6                   0000000140056bea     gdi32:GDI32.dll
 0002:00013c06       .idata$6                   0000000140056c06     winmm:WINMM.dll
 0002:00013dd8       .idata$6                   0000000140056dd8     kernel32:KERNEL32.dll
 0003:00000004       ?running@@3HA              0000000140058004     Win32_Shah.obj
 0003:00000050       ?__vcrt_flsindex@@3KA      0000000140058050     libvcruntimed:per_thread_data.obj
 0003:00000060       ?__acrt_current_request_number@@3JA 0000000140058060     libucrtd:debug_heap.obj
 0003:00000080       ?dazSupported@?1??_ctrlfp@@9@9 0000000140058080     libucrtd:fpctrl.obj
 0003:00000090       ?__acrt_flsindex@@3KA      0000000140058090     libucrtd:per_thread_data.obj
 0003:00000094       ?errno_no_memory@@3HA      0000000140058094     libucrtd:errno.obj
 0003:00000098       ?doserrno_no_memory@@3KA   0000000140058098     libucrtd:errno.obj
 0003:000002d0       _mbctypes                  00000001400582d0     libucrtd:mbctype.obj
 0003:000003e0       _mbcasemaps                00000001400583e0     libucrtd:mbctype.obj
 0003:000004e0       ?__rgctypeflag@@3PADA      00000001400584e0     libucrtd:mbctype.obj
 0003:000004f0       ?__rgcode_page_info@@3PAUcode_page_info@@A 00000001400584f0     libucrtd:mbctype.obj
 0003:00000830       ?__acrt_debug_fill_threshold@@3_KA 0000000140058830     libucrtd:debug_fill_threshold.obj
 0003:00000a50       ?dazSupported@?1??common_control87@@9@9 0000000140058a50     libucrtd:ieee.obj
 0003:00000a58       ?__dcrt_lowio_console_output_handle@@3PEAXEA 0000000140058a58     libucrtd:initcon.obj
 0003:00000b40       ?Globalbuffer@@3UWin32_VideoBuffer@@A 0000000140058b40     Win32_Shah.obj
 0003:00000b80       GS_ExceptionRecord         0000000140058b80     LIBCMTD:gs_report.obj
 0003:00000c20       GS_ContextRecord           0000000140058c20     LIBCMTD:gs_report.obj
 0003:00001100       ?is_initialized_as_dll@@3_NA 0000000140059100     LIBCMTD:utility.obj
 0003:00001101       ?module_local_atexit_table_initialized@@3_NA 0000000140059101     LIBCMTD:utility.obj
 0003:00001108       ?module_local_atexit_table@@3U_onexit_table_t@@A 0000000140059108     LIBCMTD:utility.obj
 0003:00001120       ?module_local_at_quick_exit_table@@3U_onexit_table_t@@A 0000000140059120     LIBCMTD:utility.obj
 0003:00001180       ?__vcrt_startup_thread_ptd@@3U__vcrt_ptd@@A 0000000140059180     libvcruntimed:per_thread_data.obj
 0003:00001200       __vcrt_lock_table          0000000140059200     libvcruntimed:locks.obj
 0003:00001228       __vcrt_locks_initialized   0000000140059228     libvcruntimed:locks.obj
 0003:00001270       ?heap@@3V_HeapManager@@A   0000000140059270     libvcruntimed:undname.obj
 0003:00001298       ?module_handles@@3PAPEAUHINSTANCE__@@A 0000000140059298     libvcruntimed:winapi_downlevel.obj
 0003:000012b0       ?function_pointers@@3PAPEAXA 00000001400592b0     libvcruntimed:winapi_downlevel.obj
 0003:000012e0       ?__acrt_new_handler@@3V?$dual_state_global@P6AH_K@Z@__crt_state_management@@A 00000001400592e0     libucrtd:new_handler.obj
 0003:000012e8       ?__acrt_app_type@@3W4_crt_app_type@@A 00000001400592e8     libucrtd:report_runtime_error.obj
 0003:000012f0       ?outmsg@?9??__acrt_report_runtime_error@@9@4PA_WA 00000001400592f0     libucrtd:report_runtime_error.obj
 0003:00001918       ?user_matherr@@3V?$dual_state_global@P6AHPEAU_exception@@@Z@__crt_state_management@@A 0000000140059918     libucrtd:matherr.obj
 0003:00001920       ?program_name@?1???$common_configure_argv@D@@YAHW4_crt_argv_mode@@@Z@4PADA 0000000140059920     libucrtd:argv_parsing.obj
 0003:00001a48       ?empty_string@?1???$common_wincmdln@E@@YAPEAEXZ@4PAEA 0000000140059a48     libucrtd:argv_winmain.obj
 0003:00001a4c       ?c_termination_complete@@3JA 0000000140059a4c     libucrtd:exit.obj
 0003:00001a50       ?thread_local_exit_callback_func@@3P6AXPEAXK0@ZEA 0000000140059a50     libucrtd:exit.obj
 0003:00001a60       ?__acrt_global_new_mode@@3V?$dual_state_global@J@__crt_state_management@@A 0000000140059a60     libucrtd:new_mode.obj
 0003:00001a98       ?__acrt_first_block@@3PEAU_CrtMemBlockHeader@@EA 0000000140059a98     libucrtd:debug_heap.obj
 0003:00001aa0       ?__acrt_last_block@@3PEAU_CrtMemBlockHeader@@EA 0000000140059aa0     libucrtd:debug_heap.obj
 0003:00001aa8       ?__acrt_total_allocations@@3_KA 0000000140059aa8     libucrtd:debug_heap.obj
 0003:00001ab0       ?__acrt_current_allocations@@3_KA 0000000140059ab0     libucrtd:debug_heap.obj
 0003:00001ab8       ?__acrt_max_allocations@@3_KA 0000000140059ab8     libucrtd:debug_heap.obj
 0003:00001ac0       ?__acrt_check_frequency@@3IA 0000000140059ac0     libucrtd:debug_heap.obj
 0003:00001ac4       ?__acrt_check_counter@@3IA 0000000140059ac4     libucrtd:debug_heap.obj
 0003:00001ad0       ?heap_validation_pending@@3_NA 0000000140059ad0     libucrtd:debug_heap.obj
 0003:00001ad8       ?__acrt_invalid_parameter_handler@@3V?$dual_state_global@P6AXPEB_W00I_K@Z@__crt_state_management@@A 0000000140059ad8     libucrtd:invalid_parameter.obj
 0003:00001af0       ?__acrt_lock_table@@3PAU_RTL_CRITICAL_SECTION@@A 0000000140059af0     libucrtd:locks.obj
 0003:00001d20       ?__acrt_locks_initialized@@3IA 0000000140059d20     libucrtd:locks.obj
 0003:00001d24       __acrt_error_mode          0000000140059d24     libucrtd:set_error_mode.obj
 0003:00001d40       ?fSystemSet@@3HA           0000000140059d40     libucrtd:mbctype.obj
 0003:00001d44       ?initialized@?1??__acrt_initialize_multibyte@@9@4_NA 0000000140059d44     libucrtd:mbctype.obj
 0003:00001d78       ?state_cache@?1???$get_cached_win_policy@Udeveloper_information_policy_properties@?1??__acrt_get_developer_information_policy@@YA?AW4developer_information_policy@@XZ@@@YA?AW4developer_information_policy@@W4AppPolicyShowDeveloperDiagnostic@@@Z@4JA 0000000140059d78     libucrtd:win_policies.obj
 0003:00001d7c       ?state_cache@?1???$get_cached_win_policy@Uwindowing_model_policy_properties@?1??__acrt_get_windowing_model_policy@@YA?AW4windowing_model_policy@@XZ@@@YA?AW4windowing_model_policy@@W4AppPolicyWindowingModel@@@Z@4JA 0000000140059d7c     libucrtd:win_policies.obj
 0003:000021a0       ?module_handles@@3PAPEAUHINSTANCE__@@A 000000014005a1a0     libucrtd:winapi_thunks.obj
 0003:00002240       ?encoded_function_pointers@@3PAPEAXA 000000014005a240     libucrtd:winapi_thunks.obj
 0003:00002340       ?ctrlc_action@@3V?$dual_state_global@P6AXH@Z@__crt_state_management@@A 000000014005a340     libucrtd:signal.obj
 0003:00002348       ?ctrlbreak_action@@3V?$dual_state_global@P6AXH@Z@__crt_state_management@@A 000000014005a348     libucrtd:signal.obj
 0003:00002350       ?abort_action@@3V?$dual_state_global@P6AXH@Z@__crt_state_management@@A 000000014005a350     libucrtd:signal.obj
 0003:00002358       ?term_action@@3V?$dual_state_global@P6AXH@Z@__crt_state_management@@A 000000014005a358     libucrtd:signal.obj
 0003:00002388       ?internal_state@?1??_mbtowc_internal@@9@4U_Mbstatet@@A 000000014005a388     libucrtd:mbtowc.obj
 0003:000023a0       ?enable_percent_n@@3_KA    000000014005a3a0     libucrtd:printf_count_output.obj
 0003:000023a8       ?internal_pst@?1??__mbrtoc32_utf8@__crt_mbstring@@YA_KPEA_UPEBD_KPEAU_Mbstatet@@AEAV__crt_cached_ptd_host@@@Z@4U3@A 000000014005a3a8     libucrtd:mbrtoc32.obj
 0003:000023b0       ?internal_pst@?1??__c16rtomb_utf8@__crt_mbstring@@YA_KPEAD_SPEAU_Mbstatet@@AEAV__crt_cached_ptd_host@@@Z@4U3@A 000000014005a3b0     libucrtd:c16rtomb.obj
 0005:00000000       MoveSmall                  000000014005f000     libvcruntimed:memcpy.obj
 0005:00000040       MoveSmallYmm               000000014005f040     libvcruntimed:memcpy.obj
 0005:00000064       MoveSmallYmmNT             000000014005f064     libvcruntimed:memcpy.obj
 0005:00000088       MoveSmallXmm               000000014005f088     libvcruntimed:memcpy.obj
 0005:000000b0       MsetTab                    000000014005f0b0     libvcruntimed:memset.obj
